Archive member included to satisfy reference by file (symbol)

/home/jungjae/glibc-2.23/build/elf/rtld-libc.a(rtld-check_fds.os)
                              /home/jungjae/glibc-2.23/build/elf/dl-allobjs.os (__libc_check_standard_fds)
/home/jungjae/glibc-2.23/build/elf/rtld-libc.a(rtld-errno.os)
                              /home/jungjae/glibc-2.23/build/elf/dl-allobjs.os (rtld_errno)
/home/jungjae/glibc-2.23/build/elf/rtld-libc.a(rtld-closedir.os)
                              /home/jungjae/glibc-2.23/build/elf/dl-allobjs.os (__closedir)
/home/jungjae/glibc-2.23/build/elf/rtld-libc.a(rtld-readdir.os)
                              /home/jungjae/glibc-2.23/build/elf/dl-allobjs.os (__readdir)
/home/jungjae/glibc-2.23/build/elf/rtld-libc.a(rtld-rewinddir.os)
                              /home/jungjae/glibc-2.23/build/elf/dl-allobjs.os (__rewinddir)
/home/jungjae/glibc-2.23/build/elf/rtld-libc.a(rtld-getdents.os)
                              /home/jungjae/glibc-2.23/build/elf/rtld-libc.a(rtld-readdir.os) (__getdents)
/home/jungjae/glibc-2.23/build/elf/rtld-libc.a(rtld-fdopendir.os)
                              /home/jungjae/glibc-2.23/build/elf/dl-allobjs.os (__fdopendir)
/home/jungjae/glibc-2.23/build/elf/rtld-libc.a(rtld-profil.os)
                              /home/jungjae/glibc-2.23/build/elf/dl-allobjs.os (__profil)
/home/jungjae/glibc-2.23/build/elf/rtld-libc.a(rtld-prof-freq.os)
                              /home/jungjae/glibc-2.23/build/elf/dl-allobjs.os (__profile_frequency)
/home/jungjae/glibc-2.23/build/elf/rtld-libc.a(rtld-xstat.os)
                              /home/jungjae/glibc-2.23/build/elf/dl-allobjs.os (__GI___xstat64)
/home/jungjae/glibc-2.23/build/elf/rtld-libc.a(rtld-fxstat.os)
                              /home/jungjae/glibc-2.23/build/elf/dl-allobjs.os (__GI___fxstat64)
/home/jungjae/glibc-2.23/build/elf/rtld-libc.a(rtld-lxstat.os)
                              /home/jungjae/glibc-2.23/build/elf/dl-allobjs.os (__GI___lxstat64)
/home/jungjae/glibc-2.23/build/elf/rtld-libc.a(rtld-open.os)
                              /home/jungjae/glibc-2.23/build/elf/dl-allobjs.os (__open)
/home/jungjae/glibc-2.23/build/elf/rtld-libc.a(rtld-read.os)
                              /home/jungjae/glibc-2.23/build/elf/dl-allobjs.os (__libc_read)
/home/jungjae/glibc-2.23/build/elf/rtld-libc.a(rtld-write.os)
                              /home/jungjae/glibc-2.23/build/elf/dl-allobjs.os (__libc_write)
/home/jungjae/glibc-2.23/build/elf/rtld-libc.a(rtld-access.os)
                              /home/jungjae/glibc-2.23/build/elf/dl-allobjs.os (__access)
/home/jungjae/glibc-2.23/build/elf/rtld-libc.a(rtld-fcntl.os)
                              /home/jungjae/glibc-2.23/build/elf/rtld-libc.a(rtld-check_fds.os) (__libc_fcntl)
/home/jungjae/glibc-2.23/build/elf/rtld-libc.a(rtld-close.os)
                              /home/jungjae/glibc-2.23/build/elf/dl-allobjs.os (__close)
/home/jungjae/glibc-2.23/build/elf/rtld-libc.a(rtld-mmap.os)
                              /home/jungjae/glibc-2.23/build/elf/dl-allobjs.os (__mmap)
/home/jungjae/glibc-2.23/build/elf/rtld-libc.a(rtld-munmap.os)
                              /home/jungjae/glibc-2.23/build/elf/dl-allobjs.os (__munmap)
/home/jungjae/glibc-2.23/build/elf/rtld-libc.a(rtld-mprotect.os)
                              /home/jungjae/glibc-2.23/build/elf/dl-allobjs.os (__mprotect)
/home/jungjae/glibc-2.23/build/elf/rtld-libc.a(rtld-llseek.os)
                              /home/jungjae/glibc-2.23/build/elf/dl-allobjs.os (__lseek)
/home/jungjae/glibc-2.23/build/elf/rtld-libc.a(rtld-uname.os)
                              /home/jungjae/glibc-2.23/build/elf/dl-allobjs.os (__uname)
/home/jungjae/glibc-2.23/build/elf/rtld-libc.a(rtld-_exit.os)
                              /home/jungjae/glibc-2.23/build/elf/dl-allobjs.os (__GI__exit)
/home/jungjae/glibc-2.23/build/elf/rtld-libc.a(rtld-getpid.os)
                              /home/jungjae/glibc-2.23/build/elf/dl-allobjs.os (__getpid)
/home/jungjae/glibc-2.23/build/elf/rtld-libc.a(rtld-environ.os)
                              /home/jungjae/glibc-2.23/build/elf/dl-allobjs.os (__environ)
/home/jungjae/glibc-2.23/build/elf/rtld-libc.a(rtld-setjmp.os)
                              /home/jungjae/glibc-2.23/build/elf/dl-allobjs.os (__sigsetjmp)
/home/jungjae/glibc-2.23/build/elf/rtld-libc.a(rtld-__longjmp.os)
                              /home/jungjae/glibc-2.23/build/elf/dl-allobjs.os (__longjmp)
/home/jungjae/glibc-2.23/build/elf/rtld-libc.a(rtld-sigaction.os)
                              /home/jungjae/glibc-2.23/build/elf/rtld-libc.a(rtld-profil.os) (__sigaction)
/home/jungjae/glibc-2.23/build/elf/rtld-libc.a(rtld-strchr.os)
                              /home/jungjae/glibc-2.23/build/elf/dl-allobjs.os (strchr)
/home/jungjae/glibc-2.23/build/elf/rtld-libc.a(rtld-strcmp.os)
                              /home/jungjae/glibc-2.23/build/elf/dl-allobjs.os (strcmp)
/home/jungjae/glibc-2.23/build/elf/rtld-libc.a(rtld-strdup.os)
                              /home/jungjae/glibc-2.23/build/elf/dl-allobjs.os (__strdup)
/home/jungjae/glibc-2.23/build/elf/rtld-libc.a(rtld-strlen.os)
                              /home/jungjae/glibc-2.23/build/elf/dl-allobjs.os (strlen)
/home/jungjae/glibc-2.23/build/elf/rtld-libc.a(rtld-strnlen.os)
                              /home/jungjae/glibc-2.23/build/elf/dl-allobjs.os (strnlen)
/home/jungjae/glibc-2.23/build/elf/rtld-libc.a(rtld-memchr.os)
                              /home/jungjae/glibc-2.23/build/elf/dl-allobjs.os (memchr)
/home/jungjae/glibc-2.23/build/elf/rtld-libc.a(rtld-memcmp.os)
                              /home/jungjae/glibc-2.23/build/elf/dl-allobjs.os (memcmp)
/home/jungjae/glibc-2.23/build/elf/rtld-libc.a(rtld-memmove.os)
                              /home/jungjae/glibc-2.23/build/elf/dl-allobjs.os (memmove)
/home/jungjae/glibc-2.23/build/elf/rtld-libc.a(rtld-memset.os)
                              /home/jungjae/glibc-2.23/build/elf/dl-allobjs.os (memset)
/home/jungjae/glibc-2.23/build/elf/rtld-libc.a(rtld-stpcpy.os)
                              /home/jungjae/glibc-2.23/build/elf/dl-allobjs.os (__stpcpy)
/home/jungjae/glibc-2.23/build/elf/rtld-libc.a(rtld-memcpy.os)
                              /home/jungjae/glibc-2.23/build/elf/dl-allobjs.os (memcpy)
/home/jungjae/glibc-2.23/build/elf/rtld-libc.a(rtld-wordcopy.os)
                              /home/jungjae/glibc-2.23/build/elf/rtld-libc.a(rtld-memmove.os) (_wordcopy_fwd_aligned)
/home/jungjae/glibc-2.23/build/elf/rtld-libc.a(rtld-rawmemchr.os)
                              /home/jungjae/glibc-2.23/build/elf/dl-allobjs.os (rawmemchr)
/home/jungjae/glibc-2.23/build/elf/rtld-libc.a(rtld-setitimer.os)
                              /home/jungjae/glibc-2.23/build/elf/rtld-libc.a(rtld-profil.os) (__setitimer)

Memory Configuration

Name             Origin             Length             Attributes
*default*        0x0000000000000000 0xffffffffffffffff

Linker script and memory map

START GROUP
LOAD /home/jungjae/glibc-2.23/build/elf/dl-allobjs.os
LOAD /home/jungjae/glibc-2.23/build/elf/rtld-libc.a
LOAD /usr/lib/gcc/x86_64-linux-gnu/5/libgcc.a
END GROUP

.interp
 *(.interp)

.note.gnu.build-id
 *(.note.gnu.build-id)

.hash
 *(.hash)

.gnu.hash
 *(.gnu.hash)

.dynsym
 *(.dynsym)

.dynstr
 *(.dynstr)

.gnu.version
 *(.gnu.version)

.gnu.version_d
 *(.gnu.version_d)

.gnu.version_r
 *(.gnu.version_r)

.rela.init
 *(.rela.init)

.rela.text
 *(.rela.text)

.rela.fini
 *(.rela.fini)

.rela.rodata
 *(.rela.rodata)

.rela.data.rel.ro
 *(.rela.data.rel.ro)

.rela.data
 *(.rela.data)

.rela.tdata
 *(.rela.tdata)

.rela.tbss
 *(.rela.tbss)

.rela.ctors
 *(.rela.ctors)

.rela.dtors
 *(.rela.dtors)

.rela.got
 *(.rela.got)

.rela.bss
 *(.rela.bss)

.rela.ldata
 *(.rela.ldata)

.rela.lbss
 *(.rela.lbss)

.rela.lrodata
 *(.rela.lrodata)

.rela.ifunc
 *(.rela.ifunc)

.rela.plt
 *(.rela.plt)

.init
 *(SORT(.init))

.plt
 *(.plt)
 *(.iplt)

.plt.got
 *(.plt.got)

.plt.bnd
 *(.plt.bnd)

.text           0x0000000000000000    0x1b310
 *(.text .stub)
 .text          0x0000000000000000    0x17a60 /home/jungjae/glibc-2.23/build/elf/dl-allobjs.os
                0x0000000000000000                _start
                0x0000000000000008                _dl_start_user
                0x0000000000000050                _dl_initial_error_catch_tsd
                0x00000000000067c0                _dl_dst_count
                0x0000000000006870                _dl_dst_substitute
                0x0000000000007180                _dl_init_paths
                0x00000000000075c0                _dl_map_object
                0x0000000000007fc0                _dl_rtld_di_serinfo
                0x0000000000008ed0                _dl_lookup_symbol_x
                0x0000000000009fa0                _dl_setup_hash
                0x000000000000a050                _dl_add_to_namespace_list
                0x000000000000a0e0                _dl_new_object
                0x000000000000a480                _dl_try_allocate_static_tls
                0x000000000000a560                _dl_allocate_static_tls
                0x000000000000a590                _dl_nothread_init_static_tls
                0x000000000000a5e0                _dl_protect_relro
                0x000000000000a640                _dl_reloc_bad_type
                0x000000000000a710                _dl_relocate_object
                0x000000000000bf00                _dl_map_object_deps
                0x000000000000d1a0                _dl_important_hwcaps
                0x000000000000d940                _dl_fixup
                0x000000000000db10                _dl_profile_fixup
                0x000000000000e110                _dl_call_pltexit
                0x000000000000e220                _dl_signal_error
                0x000000000000e3c0                _dl_signal_cerror
                0x000000000000e450                _dl_catch_error
                0x000000000000e520                _dl_receive_error
                0x000000000000e6a0                _dl_init
                0x000000000000e7d0                _dl_sort_fini
                0x000000000000ea10                _dl_fini
                0x000000000000eda0                _dl_debug_state
                0x000000000000eda0                __GI__dl_debug_state
                0x000000000000edb0                _dl_debug_initialize
                0x000000000000f420                _dl_sysdep_read_whole_file
                0x000000000000f4b0                _dl_debug_printf
                0x000000000000f560                _dl_debug_printf_c
                0x000000000000f610                _dl_dprintf
                0x000000000000f6b0                _dl_name_match_p
                0x000000000000f720                _dl_higher_prime_number
                0x000000000000fba0                _dl_check_map_versions
                0x0000000000010060                _dl_check_all_versions
                0x00000000000100d0                _dl_start_profile
                0x00000000000108b0                __GI__dl_mcount
                0x00000000000108b0                _dl_mcount
                0x0000000000010b10                _dl_resolve_conflicts
                0x0000000000010f50                _dl_next_tls_modid
                0x0000000000011050                _dl_count_modids
                0x00000000000110b0                _dl_determine_tlsoffset
                0x0000000000011280                __GI__dl_tls_setup
                0x0000000000011280                _dl_tls_setup
                0x0000000000011330                _dl_get_tls_static_info
                0x0000000000011350                _dl_allocate_tls_storage
                0x00000000000113f0                __GI__dl_allocate_tls_init
                0x00000000000113f0                _dl_allocate_tls_init
                0x0000000000011690                __GI__dl_allocate_tls
                0x0000000000011690                _dl_allocate_tls
                0x00000000000116d0                _dl_deallocate_tls
                0x00000000000116d0                __GI__dl_deallocate_tls
                0x0000000000011760                _dl_update_slotinfo
                0x0000000000011a00                __GI___tls_get_addr
                0x0000000000011a00                __tls_get_addr
                0x0000000000011a40                _dl_tls_get_addr_soft
                0x0000000000011ac0                _dl_add_to_slotinfo
                0x0000000000011ba0                _dl_get_origin
                0x0000000000011d20                _dl_scope_free
                0x0000000000011df0                _dl_make_stack_executable
                0x0000000000011df0                __GI__dl_make_stack_executable
                0x0000000000011e80                _dl_check_caller
                0x00000000000122b0                __GI__dl_find_dso_for_object
                0x00000000000122b0                _dl_find_dso_for_object
                0x00000000000123a0                _dl_open
                0x00000000000127b0                _dl_show_scope
                0x0000000000013270                _dl_addr_inside_object
                0x0000000000013420                _dl_close_worker
                0x0000000000014380                _dl_close
                0x0000000000014410                _dl_runtime_resolve_avx512
                0x0000000000014580                _dl_runtime_profile_avx512
                0x0000000000014a00                _dl_runtime_resolve_avx
                0x0000000000014b60                _dl_runtime_profile_avx
                0x0000000000014fe0                _dl_runtime_resolve_sse
                0x0000000000015110                _dl_runtime_profile_sse
                0x0000000000015310                _dl_cache_libcmp
                0x00000000000153f0                _dl_load_cache_lookup
                0x00000000000159b0                _dl_unload_cache
                0x00000000000159f0                _dl_make_tlsdesc_dynamic
                0x0000000000015cc0                _dl_tlsdesc_resolve_rela_fixup
                0x0000000000015e80                _dl_tlsdesc_resolve_hold_fixup
                0x0000000000015ec0                _dl_unmap
                0x0000000000015f40                _dl_tlsdesc_return
                0x0000000000015f50                _dl_tlsdesc_undefweak
                0x0000000000015f60                _dl_tlsdesc_dynamic
                0x0000000000016000                _dl_tlsdesc_resolve_rela
                0x0000000000016070                _dl_tlsdesc_resolve_hold
                0x00000000000160f0                __get_cpu_features
                0x0000000000016100                _dl_sysdep_start
                0x00000000000167b0                _dl_sysdep_start_cleanup
                0x00000000000167c0                _dl_show_auxv
                0x0000000000016970                _dl_discover_osversion
                0x0000000000016b40                _dl_next_ld_env_entry
                0x0000000000016b90                unsetenv
                0x0000000000016c00                __libc_memalign
                0x0000000000016d00                malloc
                0x0000000000016d10                calloc
                0x0000000000016d50                free
                0x0000000000016d80                __sigjmp_save
                0x0000000000016d90                __strerror_r
                0x0000000000016e70                __GI___libc_fatal
                0x0000000000016e70                __libc_fatal
                0x0000000000016ea0                __GI___chk_fail
                0x0000000000016ea0                __chk_fail
                0x0000000000016eb0                __GI___assert_fail
                0x0000000000016eb0                __assert_fail
                0x0000000000016f00                realloc
                0x0000000000016f90                __GI___assert_perror_fail
                0x0000000000016f90                __assert_perror_fail
                0x0000000000017000                __strtoul_internal
                0x00000000000171d0                _itoa
                0x0000000000017220                __strsep
                0x0000000000017220                strsep
                0x0000000000017220                __strsep_g
                0x00000000000172b0                __brk
                0x00000000000172b0                brk
                0x0000000000017300                sbrk
                0x0000000000017300                __sbrk
                0x0000000000017390                __getcwd
                0x0000000000017390                getcwd
                0x00000000000177f0                openat64
                0x0000000000017860                __alloc_dir
                0x0000000000017960                __opendir
                0x0000000000017960                opendir
                0x0000000000017a10                __fxstatat
                0x0000000000017a10                __fxstatat64
                0x0000000000017a10                __GI___fxstatat64
 .text          0x0000000000017a60       0xf2 /home/jungjae/glibc-2.23/build/elf/rtld-libc.a(rtld-check_fds.os)
                0x0000000000017b20                __libc_check_standard_fds
 .text          0x0000000000017b52        0x0 /home/jungjae/glibc-2.23/build/elf/rtld-libc.a(rtld-errno.os)
 *fill*         0x0000000000017b52        0xe 
 .text          0x0000000000017b60       0x50 /home/jungjae/glibc-2.23/build/elf/rtld-libc.a(rtld-closedir.os)
                0x0000000000017b60                __closedir
                0x0000000000017b60                closedir
 .text          0x0000000000017bb0       0x85 /home/jungjae/glibc-2.23/build/elf/rtld-libc.a(rtld-readdir.os)
                0x0000000000017bb0                readdir
                0x0000000000017bb0                __readdir64
                0x0000000000017bb0                __readdir
                0x0000000000017bb0                readdir64
 *fill*         0x0000000000017c35        0xb 
 .text          0x0000000000017c40       0x30 /home/jungjae/glibc-2.23/build/elf/rtld-libc.a(rtld-rewinddir.os)
                0x0000000000017c40                rewinddir
                0x0000000000017c40                __rewinddir
 .text          0x0000000000017c70       0x89 /home/jungjae/glibc-2.23/build/elf/rtld-libc.a(rtld-getdents.os)
                0x0000000000017c70                __getdents
                0x0000000000017c70                __getdents64
 *fill*         0x0000000000017cf9        0x7 
 .text          0x0000000000017d00       0x8e /home/jungjae/glibc-2.23/build/elf/rtld-libc.a(rtld-fdopendir.os)
                0x0000000000017d00                fdopendir
                0x0000000000017d00                __fdopendir
 *fill*         0x0000000000017d8e        0x2 
 .text          0x0000000000017d90      0x110 /home/jungjae/glibc-2.23/build/elf/rtld-libc.a(rtld-profil.os)
                0x0000000000017de0                __profil
                0x0000000000017de0                profil
 .text          0x0000000000017ea0        0x7 /home/jungjae/glibc-2.23/build/elf/rtld-libc.a(rtld-prof-freq.os)
                0x0000000000017ea0                __profile_frequency
 *fill*         0x0000000000017ea7        0x9 
 .text          0x0000000000017eb0       0x40 /home/jungjae/glibc-2.23/build/elf/rtld-libc.a(rtld-xstat.os)
                0x0000000000017eb0                _xstat
                0x0000000000017eb0                __xstat64
                0x0000000000017eb0                __GI___xstat64
                0x0000000000017eb0                __GI___xstat
                0x0000000000017eb0                __xstat
 .text          0x0000000000017ef0       0x40 /home/jungjae/glibc-2.23/build/elf/rtld-libc.a(rtld-fxstat.os)
                0x0000000000017ef0                __GI___fxstat
                0x0000000000017ef0                __GI___fxstat64
                0x0000000000017ef0                __fxstat64
                0x0000000000017ef0                _fxstat
                0x0000000000017ef0                __fxstat
 .text          0x0000000000017f30       0x40 /home/jungjae/glibc-2.23/build/elf/rtld-libc.a(rtld-lxstat.os)
                0x0000000000017f30                __GI___lxstat
                0x0000000000017f30                _lxstat
                0x0000000000017f30                __lxstat
                0x0000000000017f30                __lxstat64
                0x0000000000017f30                __GI___lxstat64
 .text          0x0000000000017f70       0x20 /home/jungjae/glibc-2.23/build/elf/rtld-libc.a(rtld-open.os)
                0x0000000000017f70                __GI___open64
                0x0000000000017f70                __open
                0x0000000000017f70                __GI_open
                0x0000000000017f70                __GI___open
                0x0000000000017f70                __GI_open64
                0x0000000000017f70                __libc_open
                0x0000000000017f70                open64
                0x0000000000017f70                __GI___libc_open
                0x0000000000017f70                open
                0x0000000000017f70                __open64
 .text          0x0000000000017f90       0x20 /home/jungjae/glibc-2.23/build/elf/rtld-libc.a(rtld-read.os)
                0x0000000000017f90                __read
                0x0000000000017f90                __GI_read
                0x0000000000017f90                __libc_read
                0x0000000000017f90                __GI___read
                0x0000000000017f90                read
                0x0000000000017f90                __GI___libc_read
 .text          0x0000000000017fb0       0x20 /home/jungjae/glibc-2.23/build/elf/rtld-libc.a(rtld-write.os)
                0x0000000000017fb0                __write
                0x0000000000017fb0                __GI_write
                0x0000000000017fb0                write
                0x0000000000017fb0                __GI___libc_write
                0x0000000000017fb0                __GI___write
                0x0000000000017fb0                __libc_write
 .text          0x0000000000017fd0       0x20 /home/jungjae/glibc-2.23/build/elf/rtld-libc.a(rtld-access.os)
                0x0000000000017fd0                __GI_access
                0x0000000000017fd0                __GI___access
                0x0000000000017fd0                access
                0x0000000000017fd0                __access
 .text          0x0000000000017ff0       0x7e /home/jungjae/glibc-2.23/build/elf/rtld-libc.a(rtld-fcntl.os)
                0x0000000000017ff0                __libc_fcntl
                0x0000000000017ff0                __fcntl
                0x0000000000017ff0                fcntl
 *fill*         0x000000000001806e        0x2 
 .text          0x0000000000018070       0x20 /home/jungjae/glibc-2.23/build/elf/rtld-libc.a(rtld-close.os)
                0x0000000000018070                __GI_close
                0x0000000000018070                __GI___libc_close
                0x0000000000018070                __libc_close
                0x0000000000018070                __close
                0x0000000000018070                __GI___close
                0x0000000000018070                close
 .text          0x0000000000018090       0xae /home/jungjae/glibc-2.23/build/elf/rtld-libc.a(rtld-mmap.os)
                0x0000000000018090                __mmap
                0x0000000000018090                mmap
                0x0000000000018090                __mmap64
                0x0000000000018090                mmap64
 *fill*         0x000000000001813e        0x2 
 .text          0x0000000000018140       0x20 /home/jungjae/glibc-2.23/build/elf/rtld-libc.a(rtld-munmap.os)
                0x0000000000018140                munmap
                0x0000000000018140                __GI___munmap
                0x0000000000018140                __GI_munmap
                0x0000000000018140                __munmap
 .text          0x0000000000018160       0x20 /home/jungjae/glibc-2.23/build/elf/rtld-libc.a(rtld-mprotect.os)
                0x0000000000018160                __mprotect
                0x0000000000018160                __GI___mprotect
                0x0000000000018160                __GI_mprotect
                0x0000000000018160                mprotect
 .text          0x0000000000018180       0x20 /home/jungjae/glibc-2.23/build/elf/rtld-libc.a(rtld-llseek.os)
                0x0000000000018180                __GI___lseek
                0x0000000000018180                __GI_lseek64
                0x0000000000018180                __llseek
                0x0000000000018180                __GI_llseek
                0x0000000000018180                __lseek64
                0x0000000000018180                lseek
                0x0000000000018180                __libc_lseek64
                0x0000000000018180                __GI___libc_lseek64
                0x0000000000018180                __GI___libc_lseek
                0x0000000000018180                llseek
                0x0000000000018180                __lseek
                0x0000000000018180                __GI___lseek64
                0x0000000000018180                __libc_lseek
                0x0000000000018180                __GI___llseek
                0x0000000000018180                __GI_lseek
                0x0000000000018180                lseek64
 .text          0x00000000000181a0       0x20 /home/jungjae/glibc-2.23/build/elf/rtld-libc.a(rtld-uname.os)
                0x00000000000181a0                uname
                0x00000000000181a0                __GI_uname
                0x00000000000181a0                __uname
                0x00000000000181a0                __GI___uname
 .text          0x00000000000181c0       0x4a /home/jungjae/glibc-2.23/build/elf/rtld-libc.a(rtld-_exit.os)
                0x00000000000181c0                _Exit
                0x00000000000181c0                __GI__exit
                0x00000000000181c0                _exit
 *fill*         0x000000000001820a        0x6 
 .text          0x0000000000018210        0x8 /home/jungjae/glibc-2.23/build/elf/rtld-libc.a(rtld-getpid.os)
                0x0000000000018210                __getpid
                0x0000000000018210                getpid
 .text          0x0000000000018218        0x0 /home/jungjae/glibc-2.23/build/elf/rtld-libc.a(rtld-environ.os)
 *fill*         0x0000000000018218        0x8 
 .text          0x0000000000018220       0x4f /home/jungjae/glibc-2.23/build/elf/rtld-libc.a(rtld-setjmp.os)
                0x0000000000018220                __sigsetjmp
                0x0000000000018220                __GI___sigsetjmp
 *fill*         0x000000000001826f        0x1 
 .text          0x0000000000018270       0x4a /home/jungjae/glibc-2.23/build/elf/rtld-libc.a(rtld-__longjmp.os)
                0x0000000000018270                __longjmp
 *fill*         0x00000000000182ba        0x6 
 .text          0x00000000000182c0      0x270 /home/jungjae/glibc-2.23/build/elf/rtld-libc.a(rtld-sigaction.os)
                0x00000000000182e0                __libc_sigaction
                0x0000000000018510                sigaction
                0x0000000000018510                __sigaction
 .text          0x0000000000018530      0x21a /home/jungjae/glibc-2.23/build/elf/rtld-libc.a(rtld-strchr.os)
                0x0000000000018530                index
                0x0000000000018530                strchr
 *fill*         0x000000000001874a        0x6 
 .text          0x0000000000018750     0x1439 /home/jungjae/glibc-2.23/build/elf/rtld-libc.a(rtld-strcmp.os)
                0x0000000000018750                strcmp
 *fill*         0x0000000000019b89        0x7 
 .text          0x0000000000019b90       0x41 /home/jungjae/glibc-2.23/build/elf/rtld-libc.a(rtld-strdup.os)
                0x0000000000019b90                __strdup
                0x0000000000019b90                strdup
 *fill*         0x0000000000019bd1        0xf 
 .text          0x0000000000019be0      0x19c /home/jungjae/glibc-2.23/build/elf/rtld-libc.a(rtld-strlen.os)
                0x0000000000019be0                strlen
 *fill*         0x0000000000019d7c        0x4 
 .text          0x0000000000019d80      0x218 /home/jungjae/glibc-2.23/build/elf/rtld-libc.a(rtld-strnlen.os)
                0x0000000000019d80                __strnlen
                0x0000000000019d80                strnlen
 *fill*         0x0000000000019f98        0x8 
 .text          0x0000000000019fa0      0x344 /home/jungjae/glibc-2.23/build/elf/rtld-libc.a(rtld-memchr.os)
                0x0000000000019fa0                memchr
                0x0000000000019fa0                __memchr
 *fill*         0x000000000001a2e4        0xc 
 .text          0x000000000001a2f0      0x400 /home/jungjae/glibc-2.23/build/elf/rtld-libc.a(rtld-memcmp.os)
                0x000000000001a2f0                bcmp
                0x000000000001a2f0                memcmp
 .text          0x000000000001a6f0      0x15a /home/jungjae/glibc-2.23/build/elf/rtld-libc.a(rtld-memmove.os)
                0x000000000001a6f0                memmove
 *fill*         0x000000000001a84a        0x6 
 .text          0x000000000001a850       0xe3 /home/jungjae/glibc-2.23/build/elf/rtld-libc.a(rtld-memset.os)
                0x000000000001a850                memset
 *fill*         0x000000000001a933        0xd 
 .text          0x000000000001a940       0xdc /home/jungjae/glibc-2.23/build/elf/rtld-libc.a(rtld-stpcpy.os)
                0x000000000001a940                stpcpy
                0x000000000001a940                __stpcpy
 *fill*         0x000000000001aa1c        0x4 
 .text          0x000000000001aa20      0x160 /home/jungjae/glibc-2.23/build/elf/rtld-libc.a(rtld-memcpy.os)
                0x000000000001aa20                memcpy
 .text          0x000000000001ab80      0x556 /home/jungjae/glibc-2.23/build/elf/rtld-libc.a(rtld-wordcopy.os)
                0x000000000001ab80                _wordcopy_fwd_aligned
                0x000000000001acc0                _wordcopy_fwd_dest_aligned
                0x000000000001adf0                _wordcopy_bwd_aligned
                0x000000000001af80                _wordcopy_bwd_dest_aligned
 *fill*         0x000000000001b0d6        0xa 
 .text          0x000000000001b0e0      0x204 /home/jungjae/glibc-2.23/build/elf/rtld-libc.a(rtld-rawmemchr.os)
                0x000000000001b0e0                __rawmemchr
                0x000000000001b0e0                rawmemchr
 *fill*         0x000000000001b2e4        0xc 
 .text          0x000000000001b2f0       0x20 /home/jungjae/glibc-2.23/build/elf/rtld-libc.a(rtld-setitimer.os)
                0x000000000001b2f0                setitimer
                0x000000000001b2f0                __setitimer
                0x000000000001b2f0                __GI_setitimer
                0x000000000001b2f0                __GI___setitimer
 *(.gnu.warning)

.text.unlikely  0x0000000000000000      0x1f3
 .text.unlikely
                0x0000000000000000      0x1f3 /home/jungjae/glibc-2.23/build/elf/dl-allobjs.os
 .text.unlikely
                0x00000000000001f3        0x0 /home/jungjae/glibc-2.23/build/elf/rtld-libc.a(rtld-check_fds.os)
 .text.unlikely
                0x00000000000001f3        0x0 /home/jungjae/glibc-2.23/build/elf/rtld-libc.a(rtld-closedir.os)
 .text.unlikely
                0x00000000000001f3        0x0 /home/jungjae/glibc-2.23/build/elf/rtld-libc.a(rtld-readdir.os)
 .text.unlikely
                0x00000000000001f3        0x0 /home/jungjae/glibc-2.23/build/elf/rtld-libc.a(rtld-rewinddir.os)
 .text.unlikely
                0x00000000000001f3        0x0 /home/jungjae/glibc-2.23/build/elf/rtld-libc.a(rtld-getdents.os)
 .text.unlikely
                0x00000000000001f3        0x0 /home/jungjae/glibc-2.23/build/elf/rtld-libc.a(rtld-fdopendir.os)
 .text.unlikely
                0x00000000000001f3        0x0 /home/jungjae/glibc-2.23/build/elf/rtld-libc.a(rtld-profil.os)
 .text.unlikely
                0x00000000000001f3        0x0 /home/jungjae/glibc-2.23/build/elf/rtld-libc.a(rtld-prof-freq.os)
 .text.unlikely
                0x00000000000001f3        0x0 /home/jungjae/glibc-2.23/build/elf/rtld-libc.a(rtld-xstat.os)
 .text.unlikely
                0x00000000000001f3        0x0 /home/jungjae/glibc-2.23/build/elf/rtld-libc.a(rtld-fxstat.os)
 .text.unlikely
                0x00000000000001f3        0x0 /home/jungjae/glibc-2.23/build/elf/rtld-libc.a(rtld-lxstat.os)
 .text.unlikely
                0x00000000000001f3        0x0 /home/jungjae/glibc-2.23/build/elf/rtld-libc.a(rtld-fcntl.os)
 .text.unlikely
                0x00000000000001f3        0x0 /home/jungjae/glibc-2.23/build/elf/rtld-libc.a(rtld-mmap.os)
 .text.unlikely
                0x00000000000001f3        0x0 /home/jungjae/glibc-2.23/build/elf/rtld-libc.a(rtld-_exit.os)
 .text.unlikely
                0x00000000000001f3        0x0 /home/jungjae/glibc-2.23/build/elf/rtld-libc.a(rtld-getpid.os)
 .text.unlikely
                0x00000000000001f3        0x0 /home/jungjae/glibc-2.23/build/elf/rtld-libc.a(rtld-sigaction.os)
 .text.unlikely
                0x00000000000001f3        0x0 /home/jungjae/glibc-2.23/build/elf/rtld-libc.a(rtld-strdup.os)
 .text.unlikely
                0x00000000000001f3        0x0 /home/jungjae/glibc-2.23/build/elf/rtld-libc.a(rtld-memmove.os)
 .text.unlikely
                0x00000000000001f3        0x0 /home/jungjae/glibc-2.23/build/elf/rtld-libc.a(rtld-wordcopy.os)

.fini
 *(SORT(.fini))

.rodata         0x0000000000000000      0xcf0
 *(.rodata)
 .rodata        0x0000000000000000      0xc70 /home/jungjae/glibc-2.23/build/elf/dl-allobjs.os
                0x0000000000000c60                __GI__itoa_lower_digits
                0x0000000000000c60                _itoa_lower_digits
 .rodata        0x0000000000000c70       0x40 /home/jungjae/glibc-2.23/build/elf/rtld-libc.a(rtld-strcmp.os)
 .rodata        0x0000000000000cb0       0x40 /home/jungjae/glibc-2.23/build/elf/rtld-libc.a(rtld-wordcopy.os)

.rodata.str1.1  0x0000000000000000      0xf5f
 .rodata.str1.1
                0x0000000000000000      0xf4b /home/jungjae/glibc-2.23/build/elf/dl-allobjs.os
 .rodata.str1.1
                0x0000000000000f4b       0x14 /home/jungjae/glibc-2.23/build/elf/rtld-libc.a(rtld-check_fds.os)

.rodata.str1.8  0x0000000000000000     0x22e9
 .rodata.str1.8
                0x0000000000000000     0x22e9 /home/jungjae/glibc-2.23/build/elf/dl-allobjs.os

.rodata.str1.16
                0x0000000000000000      0x383
 .rodata.str1.16
                0x0000000000000000      0x383 /home/jungjae/glibc-2.23/build/elf/dl-allobjs.os

.rodata.cst16   0x0000000000000000       0x20
 .rodata.cst16  0x0000000000000000       0x20 /home/jungjae/glibc-2.23/build/elf/dl-allobjs.os

.rodata.cst4    0x0000000000000000        0x4
 .rodata.cst4   0x0000000000000000        0x4 /home/jungjae/glibc-2.23/build/elf/dl-allobjs.os

.rodata.str1.32
                0x0000000000000000       0x3b
 .rodata.str1.32
                0x0000000000000000       0x3b /home/jungjae/glibc-2.23/build/elf/dl-allobjs.os

.rodata1
 *(.rodata1)

.eh_frame_hdr
 *(.eh_frame_hdr)

.eh_frame       0x0000000000000000     0x2c48
 *(.eh_frame)
 .eh_frame      0x0000000000000000     0x21f0 /home/jungjae/glibc-2.23/build/elf/dl-allobjs.os
 .eh_frame      0x00000000000021f0       0x68 /home/jungjae/glibc-2.23/build/elf/rtld-libc.a(rtld-check_fds.os)
 .eh_frame      0x0000000000002258       0x40 /home/jungjae/glibc-2.23/build/elf/rtld-libc.a(rtld-closedir.os)
 .eh_frame      0x0000000000002298       0x48 /home/jungjae/glibc-2.23/build/elf/rtld-libc.a(rtld-readdir.os)
 .eh_frame      0x00000000000022e0       0x38 /home/jungjae/glibc-2.23/build/elf/rtld-libc.a(rtld-rewinddir.os)
 .eh_frame      0x0000000000002318       0x68 /home/jungjae/glibc-2.23/build/elf/rtld-libc.a(rtld-getdents.os)
 .eh_frame      0x0000000000002380       0x50 /home/jungjae/glibc-2.23/build/elf/rtld-libc.a(rtld-fdopendir.os)
 .eh_frame      0x00000000000023d0       0x50 /home/jungjae/glibc-2.23/build/elf/rtld-libc.a(rtld-profil.os)
                                         0x48 (size before relaxing)
 .eh_frame      0x0000000000002420       0x30 /home/jungjae/glibc-2.23/build/elf/rtld-libc.a(rtld-prof-freq.os)
 .eh_frame      0x0000000000002450       0x30 /home/jungjae/glibc-2.23/build/elf/rtld-libc.a(rtld-xstat.os)
 .eh_frame      0x0000000000002480       0x30 /home/jungjae/glibc-2.23/build/elf/rtld-libc.a(rtld-fxstat.os)
 .eh_frame      0x00000000000024b0       0x30 /home/jungjae/glibc-2.23/build/elf/rtld-libc.a(rtld-lxstat.os)
 .eh_frame      0x00000000000024e0       0x30 /home/jungjae/glibc-2.23/build/elf/rtld-libc.a(rtld-open.os)
 .eh_frame      0x0000000000002510       0x30 /home/jungjae/glibc-2.23/build/elf/rtld-libc.a(rtld-read.os)
 .eh_frame      0x0000000000002540       0x30 /home/jungjae/glibc-2.23/build/elf/rtld-libc.a(rtld-write.os)
 .eh_frame      0x0000000000002570       0x30 /home/jungjae/glibc-2.23/build/elf/rtld-libc.a(rtld-access.os)
 .eh_frame      0x00000000000025a0       0x30 /home/jungjae/glibc-2.23/build/elf/rtld-libc.a(rtld-fcntl.os)
 .eh_frame      0x00000000000025d0       0x30 /home/jungjae/glibc-2.23/build/elf/rtld-libc.a(rtld-close.os)
 .eh_frame      0x0000000000002600       0x60 /home/jungjae/glibc-2.23/build/elf/rtld-libc.a(rtld-mmap.os)
 .eh_frame      0x0000000000002660       0x30 /home/jungjae/glibc-2.23/build/elf/rtld-libc.a(rtld-munmap.os)
 .eh_frame      0x0000000000002690       0x30 /home/jungjae/glibc-2.23/build/elf/rtld-libc.a(rtld-mprotect.os)
 .eh_frame      0x00000000000026c0       0x30 /home/jungjae/glibc-2.23/build/elf/rtld-libc.a(rtld-llseek.os)
 .eh_frame      0x00000000000026f0       0x30 /home/jungjae/glibc-2.23/build/elf/rtld-libc.a(rtld-uname.os)
 .eh_frame      0x0000000000002720       0x30 /home/jungjae/glibc-2.23/build/elf/rtld-libc.a(rtld-_exit.os)
 .eh_frame      0x0000000000002750       0x30 /home/jungjae/glibc-2.23/build/elf/rtld-libc.a(rtld-getpid.os)
 .eh_frame      0x0000000000002780       0x30 /home/jungjae/glibc-2.23/build/elf/rtld-libc.a(rtld-setjmp.os)
 .eh_frame      0x00000000000027b0       0x48 /home/jungjae/glibc-2.23/build/elf/rtld-libc.a(rtld-__longjmp.os)
 .eh_frame      0x00000000000027f8       0xf0 /home/jungjae/glibc-2.23/build/elf/rtld-libc.a(rtld-sigaction.os)
                                         0xe8 (size before relaxing)
 .eh_frame      0x00000000000028e8       0x30 /home/jungjae/glibc-2.23/build/elf/rtld-libc.a(rtld-strchr.os)
 .eh_frame      0x0000000000002918       0x30 /home/jungjae/glibc-2.23/build/elf/rtld-libc.a(rtld-strcmp.os)
 .eh_frame      0x0000000000002948       0x50 /home/jungjae/glibc-2.23/build/elf/rtld-libc.a(rtld-strdup.os)
 .eh_frame      0x0000000000002998       0x30 /home/jungjae/glibc-2.23/build/elf/rtld-libc.a(rtld-strlen.os)
 .eh_frame      0x00000000000029c8       0x30 /home/jungjae/glibc-2.23/build/elf/rtld-libc.a(rtld-strnlen.os)
 .eh_frame      0x00000000000029f8       0x30 /home/jungjae/glibc-2.23/build/elf/rtld-libc.a(rtld-memchr.os)
 .eh_frame      0x0000000000002a28       0x30 /home/jungjae/glibc-2.23/build/elf/rtld-libc.a(rtld-memcmp.os)
 .eh_frame      0x0000000000002a58       0x68 /home/jungjae/glibc-2.23/build/elf/rtld-libc.a(rtld-memmove.os)
 .eh_frame      0x0000000000002ac0       0x30 /home/jungjae/glibc-2.23/build/elf/rtld-libc.a(rtld-memset.os)
 .eh_frame      0x0000000000002af0       0x30 /home/jungjae/glibc-2.23/build/elf/rtld-libc.a(rtld-stpcpy.os)
 .eh_frame      0x0000000000002b20       0x30 /home/jungjae/glibc-2.23/build/elf/rtld-libc.a(rtld-memcpy.os)
 .eh_frame      0x0000000000002b50       0x98 /home/jungjae/glibc-2.23/build/elf/rtld-libc.a(rtld-wordcopy.os)
                                         0x90 (size before relaxing)
 .eh_frame      0x0000000000002be8       0x30 /home/jungjae/glibc-2.23/build/elf/rtld-libc.a(rtld-rawmemchr.os)
 .eh_frame      0x0000000000002c18       0x30 /home/jungjae/glibc-2.23/build/elf/rtld-libc.a(rtld-setitimer.os)

.gcc_except_table
 *(.gcc_except_table .gcc_except_table.*)

.gnu_extab
 *(.gnu_extab*)

.exception_ranges
 *(.exception_ranges .exception_ranges*)

.eh_frame
 *(.eh_frame)

.gnu_extab
 *(.gnu_extab)

.gcc_except_table
 *(.gcc_except_table .gcc_except_table.*)

.exception_ranges
 *(.exception_ranges .exception_ranges*)

.tdata
 *(.tdata)

.tbss
 *(.tbss)

.preinit_array
 *(.preinit_array)

.jcr
 *(.jcr)

.dynamic
 *(.dynamic)

.got
 *(.got)
 *(.igot)

.got.plt
 *(.got.plt)
 *(.igot.plt)

.data           0x0000000000000000      0xf80
 *(.data)
 .data          0x0000000000000000      0xf80 /home/jungjae/glibc-2.23/build/elf/dl-allobjs.os
                0x0000000000000000                _rtld_global
                0x0000000000000000                _rtld_local
 .data          0x0000000000000f80        0x0 /home/jungjae/glibc-2.23/build/elf/rtld-libc.a(rtld-check_fds.os)
 .data          0x0000000000000f80        0x0 /home/jungjae/glibc-2.23/build/elf/rtld-libc.a(rtld-errno.os)
 .data          0x0000000000000f80        0x0 /home/jungjae/glibc-2.23/build/elf/rtld-libc.a(rtld-closedir.os)
 .data          0x0000000000000f80        0x0 /home/jungjae/glibc-2.23/build/elf/rtld-libc.a(rtld-readdir.os)
 .data          0x0000000000000f80        0x0 /home/jungjae/glibc-2.23/build/elf/rtld-libc.a(rtld-rewinddir.os)
 .data          0x0000000000000f80        0x0 /home/jungjae/glibc-2.23/build/elf/rtld-libc.a(rtld-getdents.os)
 .data          0x0000000000000f80        0x0 /home/jungjae/glibc-2.23/build/elf/rtld-libc.a(rtld-fdopendir.os)
 .data          0x0000000000000f80        0x0 /home/jungjae/glibc-2.23/build/elf/rtld-libc.a(rtld-profil.os)
 .data          0x0000000000000f80        0x0 /home/jungjae/glibc-2.23/build/elf/rtld-libc.a(rtld-prof-freq.os)
 .data          0x0000000000000f80        0x0 /home/jungjae/glibc-2.23/build/elf/rtld-libc.a(rtld-xstat.os)
 .data          0x0000000000000f80        0x0 /home/jungjae/glibc-2.23/build/elf/rtld-libc.a(rtld-fxstat.os)
 .data          0x0000000000000f80        0x0 /home/jungjae/glibc-2.23/build/elf/rtld-libc.a(rtld-lxstat.os)
 .data          0x0000000000000f80        0x0 /home/jungjae/glibc-2.23/build/elf/rtld-libc.a(rtld-open.os)
 .data          0x0000000000000f80        0x0 /home/jungjae/glibc-2.23/build/elf/rtld-libc.a(rtld-read.os)
 .data          0x0000000000000f80        0x0 /home/jungjae/glibc-2.23/build/elf/rtld-libc.a(rtld-write.os)
 .data          0x0000000000000f80        0x0 /home/jungjae/glibc-2.23/build/elf/rtld-libc.a(rtld-access.os)
 .data          0x0000000000000f80        0x0 /home/jungjae/glibc-2.23/build/elf/rtld-libc.a(rtld-fcntl.os)
 .data          0x0000000000000f80        0x0 /home/jungjae/glibc-2.23/build/elf/rtld-libc.a(rtld-close.os)
 .data          0x0000000000000f80        0x0 /home/jungjae/glibc-2.23/build/elf/rtld-libc.a(rtld-mmap.os)
 .data          0x0000000000000f80        0x0 /home/jungjae/glibc-2.23/build/elf/rtld-libc.a(rtld-munmap.os)
 .data          0x0000000000000f80        0x0 /home/jungjae/glibc-2.23/build/elf/rtld-libc.a(rtld-mprotect.os)
 .data          0x0000000000000f80        0x0 /home/jungjae/glibc-2.23/build/elf/rtld-libc.a(rtld-llseek.os)
 .data          0x0000000000000f80        0x0 /home/jungjae/glibc-2.23/build/elf/rtld-libc.a(rtld-uname.os)
 .data          0x0000000000000f80        0x0 /home/jungjae/glibc-2.23/build/elf/rtld-libc.a(rtld-_exit.os)
 .data          0x0000000000000f80        0x0 /home/jungjae/glibc-2.23/build/elf/rtld-libc.a(rtld-getpid.os)
 .data          0x0000000000000f80        0x0 /home/jungjae/glibc-2.23/build/elf/rtld-libc.a(rtld-environ.os)
 .data          0x0000000000000f80        0x0 /home/jungjae/glibc-2.23/build/elf/rtld-libc.a(rtld-setjmp.os)
 .data          0x0000000000000f80        0x0 /home/jungjae/glibc-2.23/build/elf/rtld-libc.a(rtld-__longjmp.os)
 .data          0x0000000000000f80        0x0 /home/jungjae/glibc-2.23/build/elf/rtld-libc.a(rtld-sigaction.os)
 .data          0x0000000000000f80        0x0 /home/jungjae/glibc-2.23/build/elf/rtld-libc.a(rtld-strchr.os)
 .data          0x0000000000000f80        0x0 /home/jungjae/glibc-2.23/build/elf/rtld-libc.a(rtld-strcmp.os)
 .data          0x0000000000000f80        0x0 /home/jungjae/glibc-2.23/build/elf/rtld-libc.a(rtld-strdup.os)
 .data          0x0000000000000f80        0x0 /home/jungjae/glibc-2.23/build/elf/rtld-libc.a(rtld-strlen.os)
 .data          0x0000000000000f80        0x0 /home/jungjae/glibc-2.23/build/elf/rtld-libc.a(rtld-strnlen.os)
 .data          0x0000000000000f80        0x0 /home/jungjae/glibc-2.23/build/elf/rtld-libc.a(rtld-memchr.os)
 .data          0x0000000000000f80        0x0 /home/jungjae/glibc-2.23/build/elf/rtld-libc.a(rtld-memcmp.os)
 .data          0x0000000000000f80        0x0 /home/jungjae/glibc-2.23/build/elf/rtld-libc.a(rtld-memmove.os)
 .data          0x0000000000000f80        0x0 /home/jungjae/glibc-2.23/build/elf/rtld-libc.a(rtld-memset.os)
 .data          0x0000000000000f80        0x0 /home/jungjae/glibc-2.23/build/elf/rtld-libc.a(rtld-stpcpy.os)
 .data          0x0000000000000f80        0x0 /home/jungjae/glibc-2.23/build/elf/rtld-libc.a(rtld-memcpy.os)
 .data          0x0000000000000f80        0x0 /home/jungjae/glibc-2.23/build/elf/rtld-libc.a(rtld-wordcopy.os)
 .data          0x0000000000000f80        0x0 /home/jungjae/glibc-2.23/build/elf/rtld-libc.a(rtld-rawmemchr.os)
 .data          0x0000000000000f80        0x0 /home/jungjae/glibc-2.23/build/elf/rtld-libc.a(rtld-setitimer.os)

.data.rel.ro    0x0000000000000000      0x2ac
 .data.rel.ro   0x0000000000000000      0x2ac /home/jungjae/glibc-2.23/build/elf/dl-allobjs.os
                0x00000000000000b0                __pointer_chk_guard_local
                0x00000000000000b8                _dl_skip_args
                0x00000000000000c0                __GI__dl_argv
                0x00000000000000c0                _dl_argv
                0x00000000000000c8                _dl_argc
                0x00000000000000e0                _rtld_global_ro
                0x00000000000000e0                _rtld_local_ro
                0x0000000000000290                __stack_prot
                0x0000000000000298                _dl_random
                0x00000000000002a0                __libc_stack_end
                0x00000000000002a0                __GI___libc_stack_end
                0x00000000000002a8                __GI___libc_enable_secure
                0x00000000000002a8                __libc_enable_secure

.data1
 *(.data1)

.bss            0x0000000000000000      0x148
 *(.dynbss)
 *(.bss)
 .bss           0x0000000000000000      0x120 /home/jungjae/glibc-2.23/build/elf/dl-allobjs.os
                0x00000000000000f8                __libc_multiple_libcs
                0x0000000000000118                __curbrk
 .bss           0x0000000000000120        0x0 /home/jungjae/glibc-2.23/build/elf/rtld-libc.a(rtld-check_fds.os)
 .bss           0x0000000000000120        0x0 /home/jungjae/glibc-2.23/build/elf/rtld-libc.a(rtld-errno.os)
 .bss           0x0000000000000120        0x0 /home/jungjae/glibc-2.23/build/elf/rtld-libc.a(rtld-closedir.os)
 .bss           0x0000000000000120        0x0 /home/jungjae/glibc-2.23/build/elf/rtld-libc.a(rtld-readdir.os)
 .bss           0x0000000000000120        0x0 /home/jungjae/glibc-2.23/build/elf/rtld-libc.a(rtld-rewinddir.os)
 .bss           0x0000000000000120        0x0 /home/jungjae/glibc-2.23/build/elf/rtld-libc.a(rtld-getdents.os)
 .bss           0x0000000000000120        0x0 /home/jungjae/glibc-2.23/build/elf/rtld-libc.a(rtld-fdopendir.os)
 .bss           0x0000000000000120       0x20 /home/jungjae/glibc-2.23/build/elf/rtld-libc.a(rtld-profil.os)
 .bss           0x0000000000000140        0x0 /home/jungjae/glibc-2.23/build/elf/rtld-libc.a(rtld-prof-freq.os)
 .bss           0x0000000000000140        0x0 /home/jungjae/glibc-2.23/build/elf/rtld-libc.a(rtld-xstat.os)
 .bss           0x0000000000000140        0x0 /home/jungjae/glibc-2.23/build/elf/rtld-libc.a(rtld-fxstat.os)
 .bss           0x0000000000000140        0x0 /home/jungjae/glibc-2.23/build/elf/rtld-libc.a(rtld-lxstat.os)
 .bss           0x0000000000000140        0x0 /home/jungjae/glibc-2.23/build/elf/rtld-libc.a(rtld-open.os)
 .bss           0x0000000000000140        0x0 /home/jungjae/glibc-2.23/build/elf/rtld-libc.a(rtld-read.os)
 .bss           0x0000000000000140        0x0 /home/jungjae/glibc-2.23/build/elf/rtld-libc.a(rtld-write.os)
 .bss           0x0000000000000140        0x0 /home/jungjae/glibc-2.23/build/elf/rtld-libc.a(rtld-access.os)
 .bss           0x0000000000000140        0x0 /home/jungjae/glibc-2.23/build/elf/rtld-libc.a(rtld-fcntl.os)
 .bss           0x0000000000000140        0x0 /home/jungjae/glibc-2.23/build/elf/rtld-libc.a(rtld-close.os)
 .bss           0x0000000000000140        0x0 /home/jungjae/glibc-2.23/build/elf/rtld-libc.a(rtld-mmap.os)
 .bss           0x0000000000000140        0x0 /home/jungjae/glibc-2.23/build/elf/rtld-libc.a(rtld-munmap.os)
 .bss           0x0000000000000140        0x0 /home/jungjae/glibc-2.23/build/elf/rtld-libc.a(rtld-mprotect.os)
 .bss           0x0000000000000140        0x0 /home/jungjae/glibc-2.23/build/elf/rtld-libc.a(rtld-llseek.os)
 .bss           0x0000000000000140        0x0 /home/jungjae/glibc-2.23/build/elf/rtld-libc.a(rtld-uname.os)
 .bss           0x0000000000000140        0x0 /home/jungjae/glibc-2.23/build/elf/rtld-libc.a(rtld-_exit.os)
 .bss           0x0000000000000140        0x0 /home/jungjae/glibc-2.23/build/elf/rtld-libc.a(rtld-getpid.os)
 .bss           0x0000000000000140        0x8 /home/jungjae/glibc-2.23/build/elf/rtld-libc.a(rtld-environ.os)
                0x0000000000000140                _environ
                0x0000000000000140                __environ
                0x0000000000000140                environ
 .bss           0x0000000000000148        0x0 /home/jungjae/glibc-2.23/build/elf/rtld-libc.a(rtld-setjmp.os)
 .bss           0x0000000000000148        0x0 /home/jungjae/glibc-2.23/build/elf/rtld-libc.a(rtld-__longjmp.os)
 .bss           0x0000000000000148        0x0 /home/jungjae/glibc-2.23/build/elf/rtld-libc.a(rtld-sigaction.os)
 .bss           0x0000000000000148        0x0 /home/jungjae/glibc-2.23/build/elf/rtld-libc.a(rtld-strchr.os)
 .bss           0x0000000000000148        0x0 /home/jungjae/glibc-2.23/build/elf/rtld-libc.a(rtld-strcmp.os)
 .bss           0x0000000000000148        0x0 /home/jungjae/glibc-2.23/build/elf/rtld-libc.a(rtld-strdup.os)
 .bss           0x0000000000000148        0x0 /home/jungjae/glibc-2.23/build/elf/rtld-libc.a(rtld-strlen.os)
 .bss           0x0000000000000148        0x0 /home/jungjae/glibc-2.23/build/elf/rtld-libc.a(rtld-strnlen.os)
 .bss           0x0000000000000148        0x0 /home/jungjae/glibc-2.23/build/elf/rtld-libc.a(rtld-memchr.os)
 .bss           0x0000000000000148        0x0 /home/jungjae/glibc-2.23/build/elf/rtld-libc.a(rtld-memcmp.os)
 .bss           0x0000000000000148        0x0 /home/jungjae/glibc-2.23/build/elf/rtld-libc.a(rtld-memmove.os)
 .bss           0x0000000000000148        0x0 /home/jungjae/glibc-2.23/build/elf/rtld-libc.a(rtld-memset.os)
 .bss           0x0000000000000148        0x0 /home/jungjae/glibc-2.23/build/elf/rtld-libc.a(rtld-stpcpy.os)
 .bss           0x0000000000000148        0x0 /home/jungjae/glibc-2.23/build/elf/rtld-libc.a(rtld-memcpy.os)
 .bss           0x0000000000000148        0x0 /home/jungjae/glibc-2.23/build/elf/rtld-libc.a(rtld-wordcopy.os)
 .bss           0x0000000000000148        0x0 /home/jungjae/glibc-2.23/build/elf/rtld-libc.a(rtld-rawmemchr.os)
 .bss           0x0000000000000148        0x0 /home/jungjae/glibc-2.23/build/elf/rtld-libc.a(rtld-setitimer.os)
 *(COMMON)
 COMMON         0x0000000000000148        0x0 /home/jungjae/glibc-2.23/build/elf/dl-allobjs.os
 COMMON         0x0000000000000148        0x0 /home/jungjae/glibc-2.23/build/elf/rtld-libc.a(rtld-errno.os)

.lbss
 *(.dynlbss)
 *(.lbss)
 *(LARGE_COMMON)

.lrodata
 *(.lrodata)

.ldata
 *(.ldata)

.stab
 *(.stab)

.stabstr
 *(.stabstr)

.stab.excl
 *(.stab.excl)

.stab.exclstr
 *(.stab.exclstr)

.stab.index
 *(.stab.index)

.stab.indexstr
 *(.stab.indexstr)

.comment        0x0000000000000000      0xb98
 *(.comment)
 .comment       0x0000000000000000      0x73f /home/jungjae/glibc-2.23/build/elf/dl-allobjs.os
 .comment       0x000000000000073f       0x35 /home/jungjae/glibc-2.23/build/elf/rtld-libc.a(rtld-check_fds.os)
 .comment       0x0000000000000774       0x35 /home/jungjae/glibc-2.23/build/elf/rtld-libc.a(rtld-errno.os)
 .comment       0x00000000000007a9       0x35 /home/jungjae/glibc-2.23/build/elf/rtld-libc.a(rtld-closedir.os)
 .comment       0x00000000000007de       0x35 /home/jungjae/glibc-2.23/build/elf/rtld-libc.a(rtld-readdir.os)
 .comment       0x0000000000000813       0x35 /home/jungjae/glibc-2.23/build/elf/rtld-libc.a(rtld-rewinddir.os)
 .comment       0x0000000000000848       0x35 /home/jungjae/glibc-2.23/build/elf/rtld-libc.a(rtld-getdents.os)
 .comment       0x000000000000087d       0x35 /home/jungjae/glibc-2.23/build/elf/rtld-libc.a(rtld-fdopendir.os)
 .comment       0x00000000000008b2       0x35 /home/jungjae/glibc-2.23/build/elf/rtld-libc.a(rtld-profil.os)
 .comment       0x00000000000008e7       0x35 /home/jungjae/glibc-2.23/build/elf/rtld-libc.a(rtld-prof-freq.os)
 .comment       0x000000000000091c       0x35 /home/jungjae/glibc-2.23/build/elf/rtld-libc.a(rtld-xstat.os)
 .comment       0x0000000000000951       0x35 /home/jungjae/glibc-2.23/build/elf/rtld-libc.a(rtld-fxstat.os)
 .comment       0x0000000000000986       0x35 /home/jungjae/glibc-2.23/build/elf/rtld-libc.a(rtld-lxstat.os)
 .comment       0x00000000000009bb       0x35 /home/jungjae/glibc-2.23/build/elf/rtld-libc.a(rtld-fcntl.os)
 .comment       0x00000000000009f0       0x35 /home/jungjae/glibc-2.23/build/elf/rtld-libc.a(rtld-mmap.os)
 .comment       0x0000000000000a25       0x35 /home/jungjae/glibc-2.23/build/elf/rtld-libc.a(rtld-_exit.os)
 .comment       0x0000000000000a5a       0x35 /home/jungjae/glibc-2.23/build/elf/rtld-libc.a(rtld-getpid.os)
 .comment       0x0000000000000a8f       0x35 /home/jungjae/glibc-2.23/build/elf/rtld-libc.a(rtld-environ.os)
 .comment       0x0000000000000ac4       0x35 /home/jungjae/glibc-2.23/build/elf/rtld-libc.a(rtld-sigaction.os)
 .comment       0x0000000000000af9       0x35 /home/jungjae/glibc-2.23/build/elf/rtld-libc.a(rtld-strdup.os)
 .comment       0x0000000000000b2e       0x35 /home/jungjae/glibc-2.23/build/elf/rtld-libc.a(rtld-memmove.os)
 .comment       0x0000000000000b63       0x35 /home/jungjae/glibc-2.23/build/elf/rtld-libc.a(rtld-wordcopy.os)

.note.GNU-stack
                0x0000000000000000        0x0
 .note.GNU-stack
                0x0000000000000000        0x0 /home/jungjae/glibc-2.23/build/elf/dl-allobjs.os
 .note.GNU-stack
                0x0000000000000000        0x0 /home/jungjae/glibc-2.23/build/elf/rtld-libc.a(rtld-check_fds.os)
 .note.GNU-stack
                0x0000000000000000        0x0 /home/jungjae/glibc-2.23/build/elf/rtld-libc.a(rtld-errno.os)
 .note.GNU-stack
                0x0000000000000000        0x0 /home/jungjae/glibc-2.23/build/elf/rtld-libc.a(rtld-closedir.os)
 .note.GNU-stack
                0x0000000000000000        0x0 /home/jungjae/glibc-2.23/build/elf/rtld-libc.a(rtld-readdir.os)
 .note.GNU-stack
                0x0000000000000000        0x0 /home/jungjae/glibc-2.23/build/elf/rtld-libc.a(rtld-rewinddir.os)
 .note.GNU-stack
                0x0000000000000000        0x0 /home/jungjae/glibc-2.23/build/elf/rtld-libc.a(rtld-getdents.os)
 .note.GNU-stack
                0x0000000000000000        0x0 /home/jungjae/glibc-2.23/build/elf/rtld-libc.a(rtld-fdopendir.os)
 .note.GNU-stack
                0x0000000000000000        0x0 /home/jungjae/glibc-2.23/build/elf/rtld-libc.a(rtld-profil.os)
 .note.GNU-stack
                0x0000000000000000        0x0 /home/jungjae/glibc-2.23/build/elf/rtld-libc.a(rtld-prof-freq.os)
 .note.GNU-stack
                0x0000000000000000        0x0 /home/jungjae/glibc-2.23/build/elf/rtld-libc.a(rtld-xstat.os)
 .note.GNU-stack
                0x0000000000000000        0x0 /home/jungjae/glibc-2.23/build/elf/rtld-libc.a(rtld-fxstat.os)
 .note.GNU-stack
                0x0000000000000000        0x0 /home/jungjae/glibc-2.23/build/elf/rtld-libc.a(rtld-lxstat.os)
 .note.GNU-stack
                0x0000000000000000        0x0 /home/jungjae/glibc-2.23/build/elf/rtld-libc.a(rtld-open.os)
 .note.GNU-stack
                0x0000000000000000        0x0 /home/jungjae/glibc-2.23/build/elf/rtld-libc.a(rtld-read.os)
 .note.GNU-stack
                0x0000000000000000        0x0 /home/jungjae/glibc-2.23/build/elf/rtld-libc.a(rtld-write.os)
 .note.GNU-stack
                0x0000000000000000        0x0 /home/jungjae/glibc-2.23/build/elf/rtld-libc.a(rtld-access.os)
 .note.GNU-stack
                0x0000000000000000        0x0 /home/jungjae/glibc-2.23/build/elf/rtld-libc.a(rtld-fcntl.os)
 .note.GNU-stack
                0x0000000000000000        0x0 /home/jungjae/glibc-2.23/build/elf/rtld-libc.a(rtld-close.os)
 .note.GNU-stack
                0x0000000000000000        0x0 /home/jungjae/glibc-2.23/build/elf/rtld-libc.a(rtld-mmap.os)
 .note.GNU-stack
                0x0000000000000000        0x0 /home/jungjae/glibc-2.23/build/elf/rtld-libc.a(rtld-munmap.os)
 .note.GNU-stack
                0x0000000000000000        0x0 /home/jungjae/glibc-2.23/build/elf/rtld-libc.a(rtld-mprotect.os)
 .note.GNU-stack
                0x0000000000000000        0x0 /home/jungjae/glibc-2.23/build/elf/rtld-libc.a(rtld-llseek.os)
 .note.GNU-stack
                0x0000000000000000        0x0 /home/jungjae/glibc-2.23/build/elf/rtld-libc.a(rtld-uname.os)
 .note.GNU-stack
                0x0000000000000000        0x0 /home/jungjae/glibc-2.23/build/elf/rtld-libc.a(rtld-_exit.os)
 .note.GNU-stack
                0x0000000000000000        0x0 /home/jungjae/glibc-2.23/build/elf/rtld-libc.a(rtld-getpid.os)
 .note.GNU-stack
                0x0000000000000000        0x0 /home/jungjae/glibc-2.23/build/elf/rtld-libc.a(rtld-environ.os)
 .note.GNU-stack
                0x0000000000000000        0x0 /home/jungjae/glibc-2.23/build/elf/rtld-libc.a(rtld-setjmp.os)
 .note.GNU-stack
                0x0000000000000000        0x0 /home/jungjae/glibc-2.23/build/elf/rtld-libc.a(rtld-__longjmp.os)
 .note.GNU-stack
                0x0000000000000000        0x0 /home/jungjae/glibc-2.23/build/elf/rtld-libc.a(rtld-sigaction.os)
 .note.GNU-stack
                0x0000000000000000        0x0 /home/jungjae/glibc-2.23/build/elf/rtld-libc.a(rtld-strchr.os)
 .note.GNU-stack
                0x0000000000000000        0x0 /home/jungjae/glibc-2.23/build/elf/rtld-libc.a(rtld-strcmp.os)
 .note.GNU-stack
                0x0000000000000000        0x0 /home/jungjae/glibc-2.23/build/elf/rtld-libc.a(rtld-strdup.os)
 .note.GNU-stack
                0x0000000000000000        0x0 /home/jungjae/glibc-2.23/build/elf/rtld-libc.a(rtld-strlen.os)
 .note.GNU-stack
                0x0000000000000000        0x0 /home/jungjae/glibc-2.23/build/elf/rtld-libc.a(rtld-strnlen.os)
 .note.GNU-stack
                0x0000000000000000        0x0 /home/jungjae/glibc-2.23/build/elf/rtld-libc.a(rtld-memchr.os)
 .note.GNU-stack
                0x0000000000000000        0x0 /home/jungjae/glibc-2.23/build/elf/rtld-libc.a(rtld-memcmp.os)
 .note.GNU-stack
                0x0000000000000000        0x0 /home/jungjae/glibc-2.23/build/elf/rtld-libc.a(rtld-memmove.os)
 .note.GNU-stack
                0x0000000000000000        0x0 /home/jungjae/glibc-2.23/build/elf/rtld-libc.a(rtld-memset.os)
 .note.GNU-stack
                0x0000000000000000        0x0 /home/jungjae/glibc-2.23/build/elf/rtld-libc.a(rtld-stpcpy.os)
 .note.GNU-stack
                0x0000000000000000        0x0 /home/jungjae/glibc-2.23/build/elf/rtld-libc.a(rtld-memcpy.os)
 .note.GNU-stack
                0x0000000000000000        0x0 /home/jungjae/glibc-2.23/build/elf/rtld-libc.a(rtld-wordcopy.os)
 .note.GNU-stack
                0x0000000000000000        0x0 /home/jungjae/glibc-2.23/build/elf/rtld-libc.a(rtld-rawmemchr.os)
 .note.GNU-stack
                0x0000000000000000        0x0 /home/jungjae/glibc-2.23/build/elf/rtld-libc.a(rtld-setitimer.os)

.debug
 *(.debug)

.line
 *(.line)

.debug_srcinfo
 *(.debug_srcinfo)

.debug_sfnames
 *(.debug_sfnames)

.debug_aranges  0x0000000000000000      0xf00
 *(.debug_aranges)
 .debug_aranges
                0x0000000000000000      0x710 /home/jungjae/glibc-2.23/build/elf/dl-allobjs.os
 .debug_aranges
                0x0000000000000710       0x30 /home/jungjae/glibc-2.23/build/elf/rtld-libc.a(rtld-check_fds.os)
 .debug_aranges
                0x0000000000000740       0x20 /home/jungjae/glibc-2.23/build/elf/rtld-libc.a(rtld-errno.os)
 .debug_aranges
                0x0000000000000760       0x30 /home/jungjae/glibc-2.23/build/elf/rtld-libc.a(rtld-closedir.os)
 .debug_aranges
                0x0000000000000790       0x30 /home/jungjae/glibc-2.23/build/elf/rtld-libc.a(rtld-readdir.os)
 .debug_aranges
                0x00000000000007c0       0x30 /home/jungjae/glibc-2.23/build/elf/rtld-libc.a(rtld-rewinddir.os)
 .debug_aranges
                0x00000000000007f0       0x30 /home/jungjae/glibc-2.23/build/elf/rtld-libc.a(rtld-getdents.os)
 .debug_aranges
                0x0000000000000820       0x30 /home/jungjae/glibc-2.23/build/elf/rtld-libc.a(rtld-fdopendir.os)
 .debug_aranges
                0x0000000000000850       0x30 /home/jungjae/glibc-2.23/build/elf/rtld-libc.a(rtld-profil.os)
 .debug_aranges
                0x0000000000000880       0x30 /home/jungjae/glibc-2.23/build/elf/rtld-libc.a(rtld-prof-freq.os)
 .debug_aranges
                0x00000000000008b0       0x30 /home/jungjae/glibc-2.23/build/elf/rtld-libc.a(rtld-xstat.os)
 .debug_aranges
                0x00000000000008e0       0x30 /home/jungjae/glibc-2.23/build/elf/rtld-libc.a(rtld-fxstat.os)
 .debug_aranges
                0x0000000000000910       0x30 /home/jungjae/glibc-2.23/build/elf/rtld-libc.a(rtld-lxstat.os)
 .debug_aranges
                0x0000000000000940       0x30 /home/jungjae/glibc-2.23/build/elf/rtld-libc.a(rtld-open.os)
 .debug_aranges
                0x0000000000000970       0x30 /home/jungjae/glibc-2.23/build/elf/rtld-libc.a(rtld-read.os)
 .debug_aranges
                0x00000000000009a0       0x30 /home/jungjae/glibc-2.23/build/elf/rtld-libc.a(rtld-write.os)
 .debug_aranges
                0x00000000000009d0       0x30 /home/jungjae/glibc-2.23/build/elf/rtld-libc.a(rtld-access.os)
 .debug_aranges
                0x0000000000000a00       0x30 /home/jungjae/glibc-2.23/build/elf/rtld-libc.a(rtld-fcntl.os)
 .debug_aranges
                0x0000000000000a30       0x30 /home/jungjae/glibc-2.23/build/elf/rtld-libc.a(rtld-close.os)
 .debug_aranges
                0x0000000000000a60       0x30 /home/jungjae/glibc-2.23/build/elf/rtld-libc.a(rtld-mmap.os)
 .debug_aranges
                0x0000000000000a90       0x30 /home/jungjae/glibc-2.23/build/elf/rtld-libc.a(rtld-munmap.os)
 .debug_aranges
                0x0000000000000ac0       0x30 /home/jungjae/glibc-2.23/build/elf/rtld-libc.a(rtld-mprotect.os)
 .debug_aranges
                0x0000000000000af0       0x30 /home/jungjae/glibc-2.23/build/elf/rtld-libc.a(rtld-llseek.os)
 .debug_aranges
                0x0000000000000b20       0x30 /home/jungjae/glibc-2.23/build/elf/rtld-libc.a(rtld-uname.os)
 .debug_aranges
                0x0000000000000b50       0x30 /home/jungjae/glibc-2.23/build/elf/rtld-libc.a(rtld-_exit.os)
 .debug_aranges
                0x0000000000000b80       0x30 /home/jungjae/glibc-2.23/build/elf/rtld-libc.a(rtld-getpid.os)
 .debug_aranges
                0x0000000000000bb0       0x20 /home/jungjae/glibc-2.23/build/elf/rtld-libc.a(rtld-environ.os)
 .debug_aranges
                0x0000000000000bd0       0x30 /home/jungjae/glibc-2.23/build/elf/rtld-libc.a(rtld-setjmp.os)
 .debug_aranges
                0x0000000000000c00       0x30 /home/jungjae/glibc-2.23/build/elf/rtld-libc.a(rtld-__longjmp.os)
 .debug_aranges
                0x0000000000000c30       0x30 /home/jungjae/glibc-2.23/build/elf/rtld-libc.a(rtld-sigaction.os)
 .debug_aranges
                0x0000000000000c60       0x30 /home/jungjae/glibc-2.23/build/elf/rtld-libc.a(rtld-strchr.os)
 .debug_aranges
                0x0000000000000c90       0x30 /home/jungjae/glibc-2.23/build/elf/rtld-libc.a(rtld-strcmp.os)
 .debug_aranges
                0x0000000000000cc0       0x30 /home/jungjae/glibc-2.23/build/elf/rtld-libc.a(rtld-strdup.os)
 .debug_aranges
                0x0000000000000cf0       0x30 /home/jungjae/glibc-2.23/build/elf/rtld-libc.a(rtld-strlen.os)
 .debug_aranges
                0x0000000000000d20       0x30 /home/jungjae/glibc-2.23/build/elf/rtld-libc.a(rtld-strnlen.os)
 .debug_aranges
                0x0000000000000d50       0x30 /home/jungjae/glibc-2.23/build/elf/rtld-libc.a(rtld-memchr.os)
 .debug_aranges
                0x0000000000000d80       0x30 /home/jungjae/glibc-2.23/build/elf/rtld-libc.a(rtld-memcmp.os)
 .debug_aranges
                0x0000000000000db0       0x30 /home/jungjae/glibc-2.23/build/elf/rtld-libc.a(rtld-memmove.os)
 .debug_aranges
                0x0000000000000de0       0x30 /home/jungjae/glibc-2.23/build/elf/rtld-libc.a(rtld-memset.os)
 .debug_aranges
                0x0000000000000e10       0x30 /home/jungjae/glibc-2.23/build/elf/rtld-libc.a(rtld-stpcpy.os)
 .debug_aranges
                0x0000000000000e40       0x30 /home/jungjae/glibc-2.23/build/elf/rtld-libc.a(rtld-memcpy.os)
 .debug_aranges
                0x0000000000000e70       0x30 /home/jungjae/glibc-2.23/build/elf/rtld-libc.a(rtld-wordcopy.os)
 .debug_aranges
                0x0000000000000ea0       0x30 /home/jungjae/glibc-2.23/build/elf/rtld-libc.a(rtld-rawmemchr.os)
 .debug_aranges
                0x0000000000000ed0       0x30 /home/jungjae/glibc-2.23/build/elf/rtld-libc.a(rtld-setitimer.os)

.debug_pubnames
 *(.debug_pubnames)

.debug_info     0x0000000000000000    0x5e910
 *(.debug_info)
 .debug_info    0x0000000000000000    0x53810 /home/jungjae/glibc-2.23/build/elf/dl-allobjs.os
 .debug_info    0x0000000000053810      0x847 /home/jungjae/glibc-2.23/build/elf/rtld-libc.a(rtld-check_fds.os)
 .debug_info    0x0000000000054057      0x447 /home/jungjae/glibc-2.23/build/elf/rtld-libc.a(rtld-errno.os)
 .debug_info    0x000000000005449e      0x6b2 /home/jungjae/glibc-2.23/build/elf/rtld-libc.a(rtld-closedir.os)
 .debug_info    0x0000000000054b50      0x723 /home/jungjae/glibc-2.23/build/elf/rtld-libc.a(rtld-readdir.os)
 .debug_info    0x0000000000055273      0x641 /home/jungjae/glibc-2.23/build/elf/rtld-libc.a(rtld-rewinddir.os)
 .debug_info    0x00000000000558b4      0x705 /home/jungjae/glibc-2.23/build/elf/rtld-libc.a(rtld-getdents.os)
 .debug_info    0x0000000000055fb9      0x832 /home/jungjae/glibc-2.23/build/elf/rtld-libc.a(rtld-fdopendir.os)
 .debug_info    0x00000000000567eb      0xa43 /home/jungjae/glibc-2.23/build/elf/rtld-libc.a(rtld-profil.os)
 .debug_info    0x000000000005722e     0x194c /home/jungjae/glibc-2.23/build/elf/rtld-libc.a(rtld-prof-freq.os)
 .debug_info    0x0000000000058b7a      0x687 /home/jungjae/glibc-2.23/build/elf/rtld-libc.a(rtld-xstat.os)
 .debug_info    0x0000000000059201      0x680 /home/jungjae/glibc-2.23/build/elf/rtld-libc.a(rtld-fxstat.os)
 .debug_info    0x0000000000059881      0x687 /home/jungjae/glibc-2.23/build/elf/rtld-libc.a(rtld-lxstat.os)
 .debug_info    0x0000000000059f08       0x6f /home/jungjae/glibc-2.23/build/elf/rtld-libc.a(rtld-open.os)
 .debug_info    0x0000000000059f77       0x6f /home/jungjae/glibc-2.23/build/elf/rtld-libc.a(rtld-read.os)
 .debug_info    0x0000000000059fe6       0x6f /home/jungjae/glibc-2.23/build/elf/rtld-libc.a(rtld-write.os)
 .debug_info    0x000000000005a055       0x6f /home/jungjae/glibc-2.23/build/elf/rtld-libc.a(rtld-access.os)
 .debug_info    0x000000000005a0c4      0x7c9 /home/jungjae/glibc-2.23/build/elf/rtld-libc.a(rtld-fcntl.os)
 .debug_info    0x000000000005a88d       0x6f /home/jungjae/glibc-2.23/build/elf/rtld-libc.a(rtld-close.os)
 .debug_info    0x000000000005a8fc     0x1b94 /home/jungjae/glibc-2.23/build/elf/rtld-libc.a(rtld-mmap.os)
 .debug_info    0x000000000005c490       0x71 /home/jungjae/glibc-2.23/build/elf/rtld-libc.a(rtld-munmap.os)
 .debug_info    0x000000000005c501       0x71 /home/jungjae/glibc-2.23/build/elf/rtld-libc.a(rtld-mprotect.os)
 .debug_info    0x000000000005c572       0x71 /home/jungjae/glibc-2.23/build/elf/rtld-libc.a(rtld-llseek.os)
 .debug_info    0x000000000005c5e3       0x72 /home/jungjae/glibc-2.23/build/elf/rtld-libc.a(rtld-uname.os)
 .debug_info    0x000000000005c655      0x52f /home/jungjae/glibc-2.23/build/elf/rtld-libc.a(rtld-_exit.os)
 .debug_info    0x000000000005cb84      0x4b6 /home/jungjae/glibc-2.23/build/elf/rtld-libc.a(rtld-getpid.os)
 .debug_info    0x000000000005d03a       0xcc /home/jungjae/glibc-2.23/build/elf/rtld-libc.a(rtld-environ.os)
 .debug_info    0x000000000005d106       0x6b /home/jungjae/glibc-2.23/build/elf/rtld-libc.a(rtld-setjmp.os)
 .debug_info    0x000000000005d171       0x6e /home/jungjae/glibc-2.23/build/elf/rtld-libc.a(rtld-__longjmp.os)
 .debug_info    0x000000000005d1df      0xa0c /home/jungjae/glibc-2.23/build/elf/rtld-libc.a(rtld-sigaction.os)
 .debug_info    0x000000000005dbeb       0x78 /home/jungjae/glibc-2.23/build/elf/rtld-libc.a(rtld-strchr.os)
 .debug_info    0x000000000005dc63       0x78 /home/jungjae/glibc-2.23/build/elf/rtld-libc.a(rtld-strcmp.os)
 .debug_info    0x000000000005dcdb      0x159 /home/jungjae/glibc-2.23/build/elf/rtld-libc.a(rtld-strdup.os)
 .debug_info    0x000000000005de34       0x6b /home/jungjae/glibc-2.23/build/elf/rtld-libc.a(rtld-strlen.os)
 .debug_info    0x000000000005de9f       0x6b /home/jungjae/glibc-2.23/build/elf/rtld-libc.a(rtld-strnlen.os)
 .debug_info    0x000000000005df0a       0x6b /home/jungjae/glibc-2.23/build/elf/rtld-libc.a(rtld-memchr.os)
 .debug_info    0x000000000005df75       0x78 /home/jungjae/glibc-2.23/build/elf/rtld-libc.a(rtld-memcmp.os)
 .debug_info    0x000000000005dfed      0x28f /home/jungjae/glibc-2.23/build/elf/rtld-libc.a(rtld-memmove.os)
 .debug_info    0x000000000005e27c       0x78 /home/jungjae/glibc-2.23/build/elf/rtld-libc.a(rtld-memset.os)
 .debug_info    0x000000000005e2f4       0x78 /home/jungjae/glibc-2.23/build/elf/rtld-libc.a(rtld-stpcpy.os)
 .debug_info    0x000000000005e36c       0x78 /home/jungjae/glibc-2.23/build/elf/rtld-libc.a(rtld-memcpy.os)
 .debug_info    0x000000000005e3e4      0x44d /home/jungjae/glibc-2.23/build/elf/rtld-libc.a(rtld-wordcopy.os)
 .debug_info    0x000000000005e831       0x6e /home/jungjae/glibc-2.23/build/elf/rtld-libc.a(rtld-rawmemchr.os)
 .debug_info    0x000000000005e89f       0x71 /home/jungjae/glibc-2.23/build/elf/rtld-libc.a(rtld-setitimer.os)

.debug_abbrev   0x0000000000000000     0xa8bc
 *(.debug_abbrev)
 .debug_abbrev  0x0000000000000000     0x8720 /home/jungjae/glibc-2.23/build/elf/dl-allobjs.os
 .debug_abbrev  0x0000000000008720      0x212 /home/jungjae/glibc-2.23/build/elf/rtld-libc.a(rtld-check_fds.os)
 .debug_abbrev  0x0000000000008932       0xe6 /home/jungjae/glibc-2.23/build/elf/rtld-libc.a(rtld-errno.os)
 .debug_abbrev  0x0000000000008a18      0x18e /home/jungjae/glibc-2.23/build/elf/rtld-libc.a(rtld-closedir.os)
 .debug_abbrev  0x0000000000008ba6      0x183 /home/jungjae/glibc-2.23/build/elf/rtld-libc.a(rtld-readdir.os)
 .debug_abbrev  0x0000000000008d29      0x14d /home/jungjae/glibc-2.23/build/elf/rtld-libc.a(rtld-rewinddir.os)
 .debug_abbrev  0x0000000000008e76      0x1c0 /home/jungjae/glibc-2.23/build/elf/rtld-libc.a(rtld-getdents.os)
 .debug_abbrev  0x0000000000009036      0x18d /home/jungjae/glibc-2.23/build/elf/rtld-libc.a(rtld-fdopendir.os)
 .debug_abbrev  0x00000000000091c3      0x297 /home/jungjae/glibc-2.23/build/elf/rtld-libc.a(rtld-profil.os)
 .debug_abbrev  0x000000000000945a      0x26d /home/jungjae/glibc-2.23/build/elf/rtld-libc.a(rtld-prof-freq.os)
 .debug_abbrev  0x00000000000096c7      0x143 /home/jungjae/glibc-2.23/build/elf/rtld-libc.a(rtld-xstat.os)
 .debug_abbrev  0x000000000000980a      0x152 /home/jungjae/glibc-2.23/build/elf/rtld-libc.a(rtld-fxstat.os)
 .debug_abbrev  0x000000000000995c      0x143 /home/jungjae/glibc-2.23/build/elf/rtld-libc.a(rtld-lxstat.os)
 .debug_abbrev  0x0000000000009a9f       0x14 /home/jungjae/glibc-2.23/build/elf/rtld-libc.a(rtld-open.os)
 .debug_abbrev  0x0000000000009ab3       0x14 /home/jungjae/glibc-2.23/build/elf/rtld-libc.a(rtld-read.os)
 .debug_abbrev  0x0000000000009ac7       0x14 /home/jungjae/glibc-2.23/build/elf/rtld-libc.a(rtld-write.os)
 .debug_abbrev  0x0000000000009adb       0x14 /home/jungjae/glibc-2.23/build/elf/rtld-libc.a(rtld-access.os)
 .debug_abbrev  0x0000000000009aef      0x224 /home/jungjae/glibc-2.23/build/elf/rtld-libc.a(rtld-fcntl.os)
 .debug_abbrev  0x0000000000009d13       0x14 /home/jungjae/glibc-2.23/build/elf/rtld-libc.a(rtld-close.os)
 .debug_abbrev  0x0000000000009d27      0x2d3 /home/jungjae/glibc-2.23/build/elf/rtld-libc.a(rtld-mmap.os)
 .debug_abbrev  0x0000000000009ffa       0x14 /home/jungjae/glibc-2.23/build/elf/rtld-libc.a(rtld-munmap.os)
 .debug_abbrev  0x000000000000a00e       0x14 /home/jungjae/glibc-2.23/build/elf/rtld-libc.a(rtld-mprotect.os)
 .debug_abbrev  0x000000000000a022       0x14 /home/jungjae/glibc-2.23/build/elf/rtld-libc.a(rtld-llseek.os)
 .debug_abbrev  0x000000000000a036       0x14 /home/jungjae/glibc-2.23/build/elf/rtld-libc.a(rtld-uname.os)
 .debug_abbrev  0x000000000000a04a      0x14d /home/jungjae/glibc-2.23/build/elf/rtld-libc.a(rtld-_exit.os)
 .debug_abbrev  0x000000000000a197      0x11a /home/jungjae/glibc-2.23/build/elf/rtld-libc.a(rtld-getpid.os)
 .debug_abbrev  0x000000000000a2b1       0x53 /home/jungjae/glibc-2.23/build/elf/rtld-libc.a(rtld-environ.os)
 .debug_abbrev  0x000000000000a304       0x14 /home/jungjae/glibc-2.23/build/elf/rtld-libc.a(rtld-setjmp.os)
 .debug_abbrev  0x000000000000a318       0x14 /home/jungjae/glibc-2.23/build/elf/rtld-libc.a(rtld-__longjmp.os)
 .debug_abbrev  0x000000000000a32c      0x1de /home/jungjae/glibc-2.23/build/elf/rtld-libc.a(rtld-sigaction.os)
 .debug_abbrev  0x000000000000a50a       0x14 /home/jungjae/glibc-2.23/build/elf/rtld-libc.a(rtld-strchr.os)
 .debug_abbrev  0x000000000000a51e       0x14 /home/jungjae/glibc-2.23/build/elf/rtld-libc.a(rtld-strcmp.os)
 .debug_abbrev  0x000000000000a532       0xde /home/jungjae/glibc-2.23/build/elf/rtld-libc.a(rtld-strdup.os)
 .debug_abbrev  0x000000000000a610       0x14 /home/jungjae/glibc-2.23/build/elf/rtld-libc.a(rtld-strlen.os)
 .debug_abbrev  0x000000000000a624       0x14 /home/jungjae/glibc-2.23/build/elf/rtld-libc.a(rtld-strnlen.os)
 .debug_abbrev  0x000000000000a638       0x14 /home/jungjae/glibc-2.23/build/elf/rtld-libc.a(rtld-memchr.os)
 .debug_abbrev  0x000000000000a64c       0x14 /home/jungjae/glibc-2.23/build/elf/rtld-libc.a(rtld-memcmp.os)
 .debug_abbrev  0x000000000000a660       0xfd /home/jungjae/glibc-2.23/build/elf/rtld-libc.a(rtld-memmove.os)
 .debug_abbrev  0x000000000000a75d       0x14 /home/jungjae/glibc-2.23/build/elf/rtld-libc.a(rtld-memset.os)
 .debug_abbrev  0x000000000000a771       0x14 /home/jungjae/glibc-2.23/build/elf/rtld-libc.a(rtld-stpcpy.os)
 .debug_abbrev  0x000000000000a785       0x14 /home/jungjae/glibc-2.23/build/elf/rtld-libc.a(rtld-memcpy.os)
 .debug_abbrev  0x000000000000a799       0xfb /home/jungjae/glibc-2.23/build/elf/rtld-libc.a(rtld-wordcopy.os)
 .debug_abbrev  0x000000000000a894       0x14 /home/jungjae/glibc-2.23/build/elf/rtld-libc.a(rtld-rawmemchr.os)
 .debug_abbrev  0x000000000000a8a8       0x14 /home/jungjae/glibc-2.23/build/elf/rtld-libc.a(rtld-setitimer.os)

.debug_line     0x0000000000000000     0xe166
 *(.debug_line .debug_line.* .debug_line_end)
 .debug_line    0x0000000000000000     0xaee8 /home/jungjae/glibc-2.23/build/elf/dl-allobjs.os
 .debug_line    0x000000000000aee8      0x1dd /home/jungjae/glibc-2.23/build/elf/rtld-libc.a(rtld-check_fds.os)
 .debug_line    0x000000000000b0c5       0xc2 /home/jungjae/glibc-2.23/build/elf/rtld-libc.a(rtld-errno.os)
 .debug_line    0x000000000000b187      0x1fd /home/jungjae/glibc-2.23/build/elf/rtld-libc.a(rtld-closedir.os)
 .debug_line    0x000000000000b384      0x217 /home/jungjae/glibc-2.23/build/elf/rtld-libc.a(rtld-readdir.os)
 .debug_line    0x000000000000b59b      0x1d9 /home/jungjae/glibc-2.23/build/elf/rtld-libc.a(rtld-rewinddir.os)
 .debug_line    0x000000000000b774      0x1e8 /home/jungjae/glibc-2.23/build/elf/rtld-libc.a(rtld-getdents.os)
 .debug_line    0x000000000000b95c      0x257 /home/jungjae/glibc-2.23/build/elf/rtld-libc.a(rtld-fdopendir.os)
 .debug_line    0x000000000000bbb3      0x291 /home/jungjae/glibc-2.23/build/elf/rtld-libc.a(rtld-profil.os)
 .debug_line    0x000000000000be44      0x241 /home/jungjae/glibc-2.23/build/elf/rtld-libc.a(rtld-prof-freq.os)
 .debug_line    0x000000000000c085      0x16b /home/jungjae/glibc-2.23/build/elf/rtld-libc.a(rtld-xstat.os)
 .debug_line    0x000000000000c1f0      0x16c /home/jungjae/glibc-2.23/build/elf/rtld-libc.a(rtld-fxstat.os)
 .debug_line    0x000000000000c35c      0x16c /home/jungjae/glibc-2.23/build/elf/rtld-libc.a(rtld-lxstat.os)
 .debug_line    0x000000000000c4c8       0x59 /home/jungjae/glibc-2.23/build/elf/rtld-libc.a(rtld-open.os)
 .debug_line    0x000000000000c521       0x59 /home/jungjae/glibc-2.23/build/elf/rtld-libc.a(rtld-read.os)
 .debug_line    0x000000000000c57a       0x59 /home/jungjae/glibc-2.23/build/elf/rtld-libc.a(rtld-write.os)
 .debug_line    0x000000000000c5d3       0x59 /home/jungjae/glibc-2.23/build/elf/rtld-libc.a(rtld-access.os)
 .debug_line    0x000000000000c62c      0x1b5 /home/jungjae/glibc-2.23/build/elf/rtld-libc.a(rtld-fcntl.os)
 .debug_line    0x000000000000c7e1       0x59 /home/jungjae/glibc-2.23/build/elf/rtld-libc.a(rtld-close.os)
 .debug_line    0x000000000000c83a      0x27a /home/jungjae/glibc-2.23/build/elf/rtld-libc.a(rtld-mmap.os)
 .debug_line    0x000000000000cab4       0x59 /home/jungjae/glibc-2.23/build/elf/rtld-libc.a(rtld-munmap.os)
 .debug_line    0x000000000000cb0d       0x59 /home/jungjae/glibc-2.23/build/elf/rtld-libc.a(rtld-mprotect.os)
 .debug_line    0x000000000000cb66       0x59 /home/jungjae/glibc-2.23/build/elf/rtld-libc.a(rtld-llseek.os)
 .debug_line    0x000000000000cbbf       0x59 /home/jungjae/glibc-2.23/build/elf/rtld-libc.a(rtld-uname.os)
 .debug_line    0x000000000000cc18      0x12d /home/jungjae/glibc-2.23/build/elf/rtld-libc.a(rtld-_exit.os)
 .debug_line    0x000000000000cd45      0x12a /home/jungjae/glibc-2.23/build/elf/rtld-libc.a(rtld-getpid.os)
 .debug_line    0x000000000000ce6f       0x41 /home/jungjae/glibc-2.23/build/elf/rtld-libc.a(rtld-environ.os)
 .debug_line    0x000000000000ceb0       0x5f /home/jungjae/glibc-2.23/build/elf/rtld-libc.a(rtld-setjmp.os)
 .debug_line    0x000000000000cf0f       0x61 /home/jungjae/glibc-2.23/build/elf/rtld-libc.a(rtld-__longjmp.os)
 .debug_line    0x000000000000cf70      0x26b /home/jungjae/glibc-2.23/build/elf/rtld-libc.a(rtld-sigaction.os)
 .debug_line    0x000000000000d1db       0xde /home/jungjae/glibc-2.23/build/elf/rtld-libc.a(rtld-strchr.os)
 .debug_line    0x000000000000d2b9      0x49c /home/jungjae/glibc-2.23/build/elf/rtld-libc.a(rtld-strcmp.os)
 .debug_line    0x000000000000d755       0xa5 /home/jungjae/glibc-2.23/build/elf/rtld-libc.a(rtld-strdup.os)
 .debug_line    0x000000000000d7fa       0x98 /home/jungjae/glibc-2.23/build/elf/rtld-libc.a(rtld-strlen.os)
 .debug_line    0x000000000000d892       0x98 /home/jungjae/glibc-2.23/build/elf/rtld-libc.a(rtld-strnlen.os)
 .debug_line    0x000000000000d92a      0x117 /home/jungjae/glibc-2.23/build/elf/rtld-libc.a(rtld-memchr.os)
 .debug_line    0x000000000000da41      0x159 /home/jungjae/glibc-2.23/build/elf/rtld-libc.a(rtld-memcmp.os)
 .debug_line    0x000000000000db9a      0x10c /home/jungjae/glibc-2.23/build/elf/rtld-libc.a(rtld-memmove.os)
 .debug_line    0x000000000000dca6       0x95 /home/jungjae/glibc-2.23/build/elf/rtld-libc.a(rtld-memset.os)
 .debug_line    0x000000000000dd3b       0xa2 /home/jungjae/glibc-2.23/build/elf/rtld-libc.a(rtld-stpcpy.os)
 .debug_line    0x000000000000dddd       0xc0 /home/jungjae/glibc-2.23/build/elf/rtld-libc.a(rtld-memcpy.os)
 .debug_line    0x000000000000de9d      0x1a8 /home/jungjae/glibc-2.23/build/elf/rtld-libc.a(rtld-wordcopy.os)
 .debug_line    0x000000000000e045       0xc8 /home/jungjae/glibc-2.23/build/elf/rtld-libc.a(rtld-rawmemchr.os)
 .debug_line    0x000000000000e10d       0x59 /home/jungjae/glibc-2.23/build/elf/rtld-libc.a(rtld-setitimer.os)

.debug_frame
 *(.debug_frame)

.debug_str      0x0000000000000000    0x35b17
 *(.debug_str)
 .debug_str     0x0000000000000000    0x2e279 /home/jungjae/glibc-2.23/build/elf/dl-allobjs.os
 .debug_str     0x000000000002e279      0x597 /home/jungjae/glibc-2.23/build/elf/rtld-libc.a(rtld-check_fds.os)
 .debug_str     0x000000000002e810      0x3ad /home/jungjae/glibc-2.23/build/elf/rtld-libc.a(rtld-errno.os)
 .debug_str     0x000000000002ebbd      0x528 /home/jungjae/glibc-2.23/build/elf/rtld-libc.a(rtld-closedir.os)
 .debug_str     0x000000000002f0e5      0x596 /home/jungjae/glibc-2.23/build/elf/rtld-libc.a(rtld-readdir.os)
 .debug_str     0x000000000002f67b      0x511 /home/jungjae/glibc-2.23/build/elf/rtld-libc.a(rtld-rewinddir.os)
 .debug_str     0x000000000002fb8c      0x507 /home/jungjae/glibc-2.23/build/elf/rtld-libc.a(rtld-getdents.os)
 .debug_str     0x0000000000030093      0x656 /home/jungjae/glibc-2.23/build/elf/rtld-libc.a(rtld-fdopendir.os)
 .debug_str     0x00000000000306e9      0x768 /home/jungjae/glibc-2.23/build/elf/rtld-libc.a(rtld-profil.os)
 .debug_str     0x0000000000030e51     0x10fe /home/jungjae/glibc-2.23/build/elf/rtld-libc.a(rtld-prof-freq.os)
 .debug_str     0x0000000000031f4f      0x516 /home/jungjae/glibc-2.23/build/elf/rtld-libc.a(rtld-xstat.os)
 .debug_str     0x0000000000032465      0x514 /home/jungjae/glibc-2.23/build/elf/rtld-libc.a(rtld-fxstat.os)
 .debug_str     0x0000000000032979      0x519 /home/jungjae/glibc-2.23/build/elf/rtld-libc.a(rtld-lxstat.os)
 .debug_str     0x0000000000032e92      0x520 /home/jungjae/glibc-2.23/build/elf/rtld-libc.a(rtld-fcntl.os)
 .debug_str     0x00000000000333b2     0x114f /home/jungjae/glibc-2.23/build/elf/rtld-libc.a(rtld-mmap.os)
 .debug_str     0x0000000000034501      0x422 /home/jungjae/glibc-2.23/build/elf/rtld-libc.a(rtld-_exit.os)
 .debug_str     0x0000000000034923      0x417 /home/jungjae/glibc-2.23/build/elf/rtld-libc.a(rtld-getpid.os)
 .debug_str     0x0000000000034d3a      0x1a9 /home/jungjae/glibc-2.23/build/elf/rtld-libc.a(rtld-environ.os)
 .debug_str     0x0000000000034ee3      0x69a /home/jungjae/glibc-2.23/build/elf/rtld-libc.a(rtld-sigaction.os)
 .debug_str     0x000000000003557d      0x19b /home/jungjae/glibc-2.23/build/elf/rtld-libc.a(rtld-strdup.os)
 .debug_str     0x0000000000035718      0x221 /home/jungjae/glibc-2.23/build/elf/rtld-libc.a(rtld-memmove.os)
 .debug_str     0x0000000000035939      0x1de /home/jungjae/glibc-2.23/build/elf/rtld-libc.a(rtld-wordcopy.os)

.debug_loc      0x0000000000000000    0x31d11
 *(.debug_loc)
 .debug_loc     0x0000000000000000    0x2e700 /home/jungjae/glibc-2.23/build/elf/dl-allobjs.os
 .debug_loc     0x000000000002e700      0x1fb /home/jungjae/glibc-2.23/build/elf/rtld-libc.a(rtld-check_fds.os)
 .debug_loc     0x000000000002e8fb      0x141 /home/jungjae/glibc-2.23/build/elf/rtld-libc.a(rtld-closedir.os)
 .debug_loc     0x000000000002ea3c      0x1d8 /home/jungjae/glibc-2.23/build/elf/rtld-libc.a(rtld-readdir.os)
 .debug_loc     0x000000000002ec14       0x4c /home/jungjae/glibc-2.23/build/elf/rtld-libc.a(rtld-rewinddir.os)
 .debug_loc     0x000000000002ec60      0x321 /home/jungjae/glibc-2.23/build/elf/rtld-libc.a(rtld-getdents.os)
 .debug_loc     0x000000000002ef81       0xbe /home/jungjae/glibc-2.23/build/elf/rtld-libc.a(rtld-fdopendir.os)
 .debug_loc     0x000000000002f03f      0x23a /home/jungjae/glibc-2.23/build/elf/rtld-libc.a(rtld-profil.os)
 .debug_loc     0x000000000002f279      0x182 /home/jungjae/glibc-2.23/build/elf/rtld-libc.a(rtld-xstat.os)
 .debug_loc     0x000000000002f3fb      0x177 /home/jungjae/glibc-2.23/build/elf/rtld-libc.a(rtld-fxstat.os)
 .debug_loc     0x000000000002f572      0x182 /home/jungjae/glibc-2.23/build/elf/rtld-libc.a(rtld-lxstat.os)
 .debug_loc     0x000000000002f6f4      0x321 /home/jungjae/glibc-2.23/build/elf/rtld-libc.a(rtld-fcntl.os)
 .debug_loc     0x000000000002fa15      0x6e0 /home/jungjae/glibc-2.23/build/elf/rtld-libc.a(rtld-mmap.os)
 .debug_loc     0x00000000000300f5      0x158 /home/jungjae/glibc-2.23/build/elf/rtld-libc.a(rtld-_exit.os)
 .debug_loc     0x000000000003024d      0x37a /home/jungjae/glibc-2.23/build/elf/rtld-libc.a(rtld-sigaction.os)
 .debug_loc     0x00000000000305c7      0x107 /home/jungjae/glibc-2.23/build/elf/rtld-libc.a(rtld-strdup.os)
 .debug_loc     0x00000000000306ce      0x651 /home/jungjae/glibc-2.23/build/elf/rtld-libc.a(rtld-memmove.os)
 .debug_loc     0x0000000000030d1f      0xff2 /home/jungjae/glibc-2.23/build/elf/rtld-libc.a(rtld-wordcopy.os)

.debug_macinfo
 *(.debug_macinfo)

.debug_weaknames
 *(.debug_weaknames)

.debug_funcnames
 *(.debug_funcnames)

.debug_typenames
 *(.debug_typenames)

.debug_varnames
 *(.debug_varnames)

.debug_pubtypes
 *(.debug_pubtypes)

.debug_ranges   0x0000000000000000     0x7d00
 *(.debug_ranges)
 .debug_ranges  0x0000000000000000     0x7720 /home/jungjae/glibc-2.23/build/elf/dl-allobjs.os
 .debug_ranges  0x0000000000007720       0x70 /home/jungjae/glibc-2.23/build/elf/rtld-libc.a(rtld-check_fds.os)
 .debug_ranges  0x0000000000007790       0x30 /home/jungjae/glibc-2.23/build/elf/rtld-libc.a(rtld-closedir.os)
 .debug_ranges  0x00000000000077c0       0xa0 /home/jungjae/glibc-2.23/build/elf/rtld-libc.a(rtld-readdir.os)
 .debug_ranges  0x0000000000007860       0xd0 /home/jungjae/glibc-2.23/build/elf/rtld-libc.a(rtld-getdents.os)
 .debug_ranges  0x0000000000007930       0x30 /home/jungjae/glibc-2.23/build/elf/rtld-libc.a(rtld-xstat.os)
 .debug_ranges  0x0000000000007960       0x30 /home/jungjae/glibc-2.23/build/elf/rtld-libc.a(rtld-fxstat.os)
 .debug_ranges  0x0000000000007990       0x30 /home/jungjae/glibc-2.23/build/elf/rtld-libc.a(rtld-lxstat.os)
 .debug_ranges  0x00000000000079c0       0x40 /home/jungjae/glibc-2.23/build/elf/rtld-libc.a(rtld-fcntl.os)
 .debug_ranges  0x0000000000007a00       0xe0 /home/jungjae/glibc-2.23/build/elf/rtld-libc.a(rtld-mmap.os)
 .debug_ranges  0x0000000000007ae0       0x90 /home/jungjae/glibc-2.23/build/elf/rtld-libc.a(rtld-_exit.os)
 .debug_ranges  0x0000000000007b70       0xc0 /home/jungjae/glibc-2.23/build/elf/rtld-libc.a(rtld-sigaction.os)
 .debug_ranges  0x0000000000007c30       0xd0 /home/jungjae/glibc-2.23/build/elf/rtld-libc.a(rtld-memmove.os)

.debug_macro
 *(.debug_macro)

.gnu.attributes
 *(.gnu.attributes)
OUTPUT(/home/jungjae/glibc-2.23/build/elf/librtld.os elf64-x86-64)
